Archive member included to satisfy reference by file (symbol)

c:/altera/15.0/nios2eds/bin/gnu/h-x86_64-mingw32/bin/../lib/gcc/nios2-elf/4.9.1\libgcc.a(_fixunsdfsi.o)
                              obj/default/uart/Uart.o (__fixunsdfsi)
c:/altera/15.0/nios2eds/bin/gnu/h-x86_64-mingw32/bin/../lib/gcc/nios2-elf/4.9.1\libgcc.a(gedf2.o)
                              c:/altera/15.0/nios2eds/bin/gnu/h-x86_64-mingw32/bin/../lib/gcc/nios2-elf/4.9.1\libgcc.a(_fixunsdfsi.o) (__gedf2)
c:/altera/15.0/nios2eds/bin/gnu/h-x86_64-mingw32/bin/../lib/gcc/nios2-elf/4.9.1\libgcc.a(subdf3.o)
                              c:/altera/15.0/nios2eds/bin/gnu/h-x86_64-mingw32/bin/../lib/gcc/nios2-elf/4.9.1\libgcc.a(_fixunsdfsi.o) (__subdf3)
c:/altera/15.0/nios2eds/bin/gnu/h-x86_64-mingw32/bin/../lib/gcc/nios2-elf/4.9.1\libgcc.a(fixdfsi.o)
                              c:/altera/15.0/nios2eds/bin/gnu/h-x86_64-mingw32/bin/../lib/gcc/nios2-elf/4.9.1\libgcc.a(_fixunsdfsi.o) (__fixdfsi)
c:/altera/15.0/nios2eds/bin/gnu/h-x86_64-mingw32/bin/../lib/gcc/nios2-elf/4.9.1\libgcc.a(floatsidf.o)
                              obj/default/uart/Uart.o (__floatsidf)
c:/altera/15.0/nios2eds/bin/gnu/h-x86_64-mingw32/bin/../lib/gcc/nios2-elf/4.9.1\libgcc.a(_clzsi2.o)
                              c:/altera/15.0/nios2eds/bin/gnu/h-x86_64-mingw32/bin/../lib/gcc/nios2-elf/4.9.1\libgcc.a(subdf3.o) (__clzsi2)
c:/altera/15.0/nios2eds/bin/gnu/h-x86_64-mingw32/bin/../lib/gcc/nios2-elf/4.9.1\libgcc.a(_clz.o)
                              c:/altera/15.0/nios2eds/bin/gnu/h-x86_64-mingw32/bin/../lib/gcc/nios2-elf/4.9.1\libgcc.a(_clzsi2.o) (__clz_tab)
c:/altera/15.0/nios2eds/bin/gnu/h-x86_64-mingw32/bin/../lib/gcc/nios2-elf/4.9.1/../../../../../H-x86_64-mingw32/nios2-elf/lib\libc.a(lib_a-printf.o)
                              obj/default/main.o (printf)
c:/altera/15.0/nios2eds/bin/gnu/h-x86_64-mingw32/bin/../lib/gcc/nios2-elf/4.9.1/../../../../../H-x86_64-mingw32/nios2-elf/lib\libc.a(lib_a-putchar.o)
                              obj/default/sd_card/monitor.o (putchar)
c:/altera/15.0/nios2eds/bin/gnu/h-x86_64-mingw32/bin/../lib/gcc/nios2-elf/4.9.1/../../../../../H-x86_64-mingw32/nios2-elf/lib\libc.a(lib_a-puts.o)
                              obj/default/main.o (puts)
c:/altera/15.0/nios2eds/bin/gnu/h-x86_64-mingw32/bin/../lib/gcc/nios2-elf/4.9.1/../../../../../H-x86_64-mingw32/nios2-elf/lib\libc.a(lib_a-strlen.o)
                              c:/altera/15.0/nios2eds/bin/gnu/h-x86_64-mingw32/bin/../lib/gcc/nios2-elf/4.9.1/../../../../../H-x86_64-mingw32/nios2-elf/lib\libc.a(lib_a-puts.o) (strlen)
c:/altera/15.0/nios2eds/bin/gnu/h-x86_64-mingw32/bin/../lib/gcc/nios2-elf/4.9.1/../../../../../H-x86_64-mingw32/nios2-elf/lib\libc.a(lib_a-vfprintf.o)
                              c:/altera/15.0/nios2eds/bin/gnu/h-x86_64-mingw32/bin/../lib/gcc/nios2-elf/4.9.1/../../../../../H-x86_64-mingw32/nios2-elf/lib\libc.a(lib_a-printf.o) (___vfprintf_internal_r)
c:/altera/15.0/nios2eds/bin/gnu/h-x86_64-mingw32/bin/../lib/gcc/nios2-elf/4.9.1/../../../../../H-x86_64-mingw32/nios2-elf/lib\libc.a(lib_a-wsetup.o)
                              c:/altera/15.0/nios2eds/bin/gnu/h-x86_64-mingw32/bin/../lib/gcc/nios2-elf/4.9.1/../../../../../H-x86_64-mingw32/nios2-elf/lib\libc.a(lib_a-vfprintf.o) (__swsetup_r)
c:/altera/15.0/nios2eds/bin/gnu/h-x86_64-mingw32/bin/../lib/gcc/nios2-elf/4.9.1/../../../../../H-x86_64-mingw32/nios2-elf/lib\libc.a(lib_a-dtoa.o)
                              c:/altera/15.0/nios2eds/bin/gnu/h-x86_64-mingw32/bin/../lib/gcc/nios2-elf/4.9.1/../../../../../H-x86_64-mingw32/nios2-elf/lib\libc.a(lib_a-vfprintf.o) (_dtoa_r)
c:/altera/15.0/nios2eds/bin/gnu/h-x86_64-mingw32/bin/../lib/gcc/nios2-elf/4.9.1/../../../../../H-x86_64-mingw32/nios2-elf/lib\libc.a(lib_a-fflush.o)
                              c:/altera/15.0/nios2eds/bin/gnu/h-x86_64-mingw32/bin/../lib/gcc/nios2-elf/4.9.1/../../../../../H-x86_64-mingw32/nios2-elf/lib\libc.a(lib_a-vfprintf.o) (_fflush_r)
c:/altera/15.0/nios2eds/bin/gnu/h-x86_64-mingw32/bin/../lib/gcc/nios2-elf/4.9.1/../../../../../H-x86_64-mingw32/nios2-elf/lib\libc.a(lib_a-findfp.o)
                              c:/altera/15.0/nios2eds/bin/gnu/h-x86_64-mingw32/bin/../lib/gcc/nios2-elf/4.9.1/../../../../../H-x86_64-mingw32/nios2-elf/lib\libc.a(lib_a-vfprintf.o) (__sinit)
c:/altera/15.0/nios2eds/bin/gnu/h-x86_64-mingw32/bin/../lib/gcc/nios2-elf/4.9.1/../../../../../H-x86_64-mingw32/nios2-elf/lib\libc.a(lib_a-freer.o)
                              c:/altera/15.0/nios2eds/bin/gnu/h-x86_64-mingw32/bin/../lib/gcc/nios2-elf/4.9.1/../../../../../H-x86_64-mingw32/nios2-elf/lib\libc.a(lib_a-wsetup.o) (_free_r)
c:/altera/15.0/nios2eds/bin/gnu/h-x86_64-mingw32/bin/../lib/gcc/nios2-elf/4.9.1/../../../../../H-x86_64-mingw32/nios2-elf/lib\libc.a(lib_a-fvwrite.o)
                              c:/altera/15.0/nios2eds/bin/gnu/h-x86_64-mingw32/bin/../lib/gcc/nios2-elf/4.9.1/../../../../../H-x86_64-mingw32/nios2-elf/lib\libc.a(lib_a-puts.o) (__sfvwrite_r)
[...]
Memory Configuration

Name             Origin             Length             Attributes
sram_BEFORE_EXCEPTION 0x0000000040080000 0x0000000000000020
sram             0x0000000040080020 0x000000000007ffe0
onchip_memory2   0x0000000040120000 0x000000000001f400
reset            0x0000000040141000 0x0000000000000020
epcs             0x0000000040141020 0x00000000000007e0
*default*        0x0000000000000000 0xffffffffffffffff

Linker script and memory map

LOAD ../sd_card_test_bsp//obj/HAL/src/crt0.o
LOAD obj/default/main.o
LOAD obj/default/sd_card/fatfs.o
LOAD obj/default/sd_card/fatfs_diskio.o
LOAD obj/default/sd_card/fatfs_nios2_de0_nano_spi.o
LOAD obj/default/sd_card/fatfs_nios2_de1_pio.o
LOAD obj/default/sd_card/fatfs_nios2_de1_spi.o
LOAD obj/default/sd_card/ff.o
LOAD obj/default/sd_card/monitor.o
LOAD obj/default/sd_card/sd_card.o
LOAD obj/default/uart/Uart.o
LOAD c:/altera/15.0/nios2eds/bin/gnu/h-x86_64-mingw32/bin/../lib/gcc/nios2-elf/4.9.1/../../../../../H-x86_64-mingw32/nios2-elf/lib\libstdc++.a
LOAD c:/altera/15.0/nios2eds/bin/gnu/h-x86_64-mingw32/bin/../lib/gcc/nios2-elf/4.9.1/../../../../../H-x86_64-mingw32/nios2-elf/lib\libm.a
LOAD c:/altera/15.0/nios2eds/bin/gnu/h-x86_64-mingw32/bin/../lib/gcc/nios2-elf/4.9.1\libgcc.a
START GROUP
LOAD c:/altera/15.0/nios2eds/bin/gnu/h-x86_64-mingw32/bin/../lib/gcc/nios2-elf/4.9.1/../../../../../H-x86_64-mingw32/nios2-elf/lib\libc.a
LOAD c:/altera/15.0/nios2eds/bin/gnu/h-x86_64-mingw32/bin/../lib/gcc/nios2-elf/4.9.1\libgcc.a
LOAD ../sd_card_test_bsp/\libhal_bsp.a
LOAD c:/altera/15.0/nios2eds/bin/gnu/h-x86_64-mingw32/bin/../lib/gcc/nios2-elf/4.9.1/../../../../../H-x86_64-mingw32/nios2-elf/lib\libm.a
END GROUP
LOAD c:/altera/15.0/nios2eds/bin/gnu/h-x86_64-mingw32/bin/../lib/gcc/nios2-elf/4.9.1\libgcc.a
                0x0000000040080000                __alt_mem_sram = 0x40080000
                0x0000000040120000                __alt_mem_onchip_memory2 = 0x40120000
                0x0000000040141000                __alt_mem_epcs = 0x40141000

.entry          0x0000000040141000       0x20
 *(.entry)
 .entry         0x0000000040141000       0x20 ../sd_card_test_bsp//obj/HAL/src/crt0.o
                0x0000000040141000                __reset

.exceptions     0x0000000040080020      0x19c
                0x0000000040080020                PROVIDE (__ram_exceptions_start, ABSOLUTE (.))
                0x0000000040080020                . = ALIGN (0x20)
 *(.irq)
 *(.exceptions.entry.label)
 .exceptions.entry.label
                0x0000000040080020        0x0 ../sd_card_test_bsp/\libhal_bsp.a(alt_irq_entry.o)
                0x0000000040080020                alt_irq_entry
 .exceptions.entry.label
                0x0000000040080020        0x0 ../sd_card_test_bsp/\libhal_bsp.a(alt_exception_entry.o)
                0x0000000040080020                alt_exception
 *(.exceptions.entry.user)
 *(.exceptions.entry.ecc_fatal)
 *(.exceptions.entry)
 .exceptions.entry
                0x0000000040080020       0x54 ../sd_card_test_bsp/\libhal_bsp.a(alt_exception_entry.o)
 *(.exceptions.irqtest.user)
 *(.exceptions.irqtest)
 .exceptions.irqtest
                0x0000000040080074       0x10 ../sd_card_test_bsp/\libhal_bsp.a(alt_irq_entry.o)
 *(.exceptions.irqhandler.user)
 *(.exceptions.irqhandler)
 .exceptions.irqhandler
                0x0000000040080084        0x4 ../sd_card_test_bsp/\libhal_bsp.a(alt_irq_entry.o)
 *(.exceptions.irqreturn.user)
 *(.exceptions.irqreturn)
 .exceptions.irqreturn
                0x0000000040080088        0x4 ../sd_card_test_bsp/\libhal_bsp.a(alt_irq_entry.o)
 *(.exceptions.notirq.label)
 .exceptions.notirq.label
                0x000000004008008c        0x0 ../sd_card_test_bsp/\libhal_bsp.a(alt_irq_entry.o)
 *(.exceptions.notirq.user)
 *(.exceptions.notirq)
 .exceptions.notirq
                0x000000004008008c        0x8 ../sd_card_test_bsp/\libhal_bsp.a(alt_exception_entry.o)
 *(.exceptions.soft.user)
 *(.exceptions.soft)
 *(.exceptions.unknown.user)
 *(.exceptions.unknown)
 .exceptions.unknown
                0x0000000040080094        0x4 ../sd_card_test_bsp/\libhal_bsp.a(alt_exception_entry.o)
 *(.exceptions.exit.label)
 .exceptions.exit.label
                0x0000000040080098        0x0 ../sd_card_test_bsp/\libhal_bsp.a(alt_irq_entry.o)
 .exceptions.exit.label
                0x0000000040080098        0x0 ../sd_card_test_bsp/\libhal_bsp.a(alt_exception_entry.o)
 *(.exceptions.exit.user)
 *(.exceptions.exit)
 .exceptions.exit
                0x0000000040080098       0x54 ../sd_card_test_bsp/\libhal_bsp.a(alt_exception_entry.o)
 *(.exceptions)
 .exceptions    0x00000000400800ec       0xd0 ../sd_card_test_bsp/\libhal_bsp.a(alt_irq_handler.o)
                0x00000000400800ec                alt_irq_handler
                0x00000000400801bc                PROVIDE (__ram_exceptions_end, ABSOLUTE (.))
                0x0000000040080020                PROVIDE (__flash_exceptions_start, LOADADDR (.exceptions))

.text           0x00000000400801bc    0x19be0
                0x00000000400801bc                PROVIDE (stext, ABSOLUTE (.))
 *(.interp)
 *(.hash)
 *(.dynsym)
 *(.dynstr)
 *(.gnu.version)
 *(.gnu.version_d)
 *(.gnu.version_r)
 *(.rel.init)
 *(.rela.init)
 *(.rel.text .rel.text.* .rel.gnu.linkonce.t.*)
 *(.rela.text .rela.text.* .rela.gnu.linkonce.t.*)
 *(.rel.fini)
 *(.rela.fini)
 *(.rel.rodata .rel.rodata.* .rel.gnu.linkonce.r.*)
 *(.rela.rodata .rela.rodata.* .rela.gnu.linkonce.r.*)
 *(.rel.data .rel.data.* .rel.gnu.linkonce.d.*)
 *(.rela.data .rela.data.* .rela.gnu.linkonce.d.*)
 *(.rel.tdata .rel.tdata.* .rel.gnu.linkonce.td.*)
 *(.rela.tdata .rela.tdata.* .rela.gnu.linkonce.td.*)
 *(.rel.tbss .rel.tbss.* .rel.gnu.linkonce.tb.*)
 *(.rela.tbss .rela.tbss.* .rela.gnu.linkonce.tb.*)
 *(.rel.ctors)
 *(.rela.ctors)
 *(.rel.dtors)
 *(.rela.dtors)
 *(.rel.got)
 *(.rela.got)
 *(.rel.sdata .rel.sdata.* .rel.gnu.linkonce.s.*)
 *(.rela.sdata .rela.sdata.* .rela.gnu.linkonce.s.*)
 *(.rel.sbss .rel.sbss.* .rel.gnu.linkonce.sb.*)
 *(.rela.sbss .rela.sbss.* .rela.gnu.linkonce.sb.*)
 *(.rel.sdata2 .rel.sdata2.* .rel.gnu.linkonce.s2.*)
 *(.rela.sdata2 .rela.sdata2.* .rela.gnu.linkonce.s2.*)
 *(.rel.sbss2 .rel.sbss2.* .rel.gnu.linkonce.sb2.*)
 *(.rela.sbss2 .rela.sbss2.* .rela.gnu.linkonce.sb2.*)
 *(.rel.bss .rel.bss.* .rel.gnu.linkonce.b.*)
 *(.rela.bss .rela.bss.* .rela.gnu.linkonce.b.*)
 *(.rel.plt)
 *(.rela.plt)
 *(.rel.dyn)
 *(.init)
 *(.plt)
 *(.text .stub .text.* .gnu.linkonce.t.*)
 .text          0x00000000400801bc       0x4c ../sd_card_test_bsp//obj/HAL/src/crt0.o
                0x00000000400801bc                _start
 .text          0x0000000040080208      0x108 obj/default/main.o
                0x0000000040080208                main
 .text          0x0000000040080310       0x24 obj/default/sd_card/fatfs.o
                0x0000000040080310                ffs_Init
 .text          0x0000000040080334     0x1294 obj/default/sd_card/fatfs_diskio.o
                0x0000000040080ab4                ffs_DiskIOInit
                0x0000000040080ae0                ffs_DiskIOTimerproc
                0x0000000040080be8                ffs_DiskIOInitialize
                0x0000000040080e44                ffs_DiskIOStatus
                0x0000000040080e6c                ffs_DiskIORead
                0x0000000040080f88                ffs_DiskIOWrite
                0x00000000400810f4                ffs_DiskIOIoctl
                0x000000004008159c                get_fattime
 .text          0x00000000400815c8        0x0 obj/default/sd_card/fatfs_nios2_de0_nano_spi.o
 .text          0x00000000400815c8        0x0 obj/default/sd_card/fatfs_nios2_de1_pio.o
 .text          0x00000000400815c8        0x0 obj/default/sd_card/fatfs_nios2_de1_spi.o
 .text          0x00000000400815c8     0x6a7c obj/default/sd_card/ff.o
                0x0000000040081b0c                clust2sect
                0x0000000040081b78                get_fat
                0x0000000040081dfc                put_fat
                0x0000000040083f04                f_mount
                0x0000000040083f98                f_open
                0x000000004008441c                f_read
                0x0000000040084900                f_write
                0x0000000040084e7c                f_sync
                0x0000000040085104                f_close
                0x000000004008514c                f_lseek
                0x0000000040085624                f_opendir
                0x0000000040085794                f_readdir
                0x0000000040085878                f_stat
                0x0000000040085918                f_getfree
                0x0000000040085c04                f_truncate
                0x0000000040085dec                f_unlink
                0x0000000040086004                f_mkdir
                0x0000000040086444                f_chmod
                0x0000000040086548                f_utime
                0x000000004008665c                f_rename
                0x0000000040086970                f_mkfs
                0x000000004008781c                f_gets
                0x00000000400878ec                f_putc
                0x0000000040087960                f_puts
                0x00000000400879f8                f_printf
 .text          0x0000000040088044      0x544 obj/default/sd_card/monitor.o
                0x0000000040088044                xatoi
                0x00000000400882c8                xitoa
                0x0000000040088474                put_dump
 .text          0x0000000040088588      0x444 obj/default/sd_card/sd_card.o
                0x0000000040088588                TimerFunction
                0x00000000400885f0                IoInit
                0x0000000040088634                put_rc
                0x00000000400886d8                ls_dir
 .text          0x00000000400889cc      0x698 obj/default/uart/Uart.o
                0x00000000400889cc                uart_handle
                0x0000000040088a9c                IsrUart1
                0x0000000040088bb0                InitUart
                0x0000000040088cc0                IsEmptyUart
                0x0000000040088cfc                GET_POS
                0x0000000040088d1c                CLEAR_FIFO
                0x0000000040088d40                GetChar_uart
                0x0000000040088d9c                sendChar_uart
                0x0000000040088ec8                get_pack_data_uart
                0x0000000040088f88                uart_write
                0x0000000040089008                InitUart1
 .text          0x0000000040089064       0x74 c:/altera/15.0/nios2eds/bin/gnu/h-x86_64-mingw32/bin/../lib/gcc/nios2-elf/4.9.1\libgcc.a(_fixunsdfsi.o)
                0x0000000040089064                __fixunsdfsi
 .text          0x00000000400890d8       0xe0 c:/altera/15.0/nios2eds/bin/gnu/h-x86_64-mingw32/bin/../lib/gcc/nios2-elf/4.9.1\libgcc.a(gedf2.o)
                0x00000000400890d8                __gedf2
                0x00000000400890d8                __gtdf2
 .text          0x00000000400891b8      0x8d0 c:/altera/15.0/nios2eds/bin/gnu/h-x86_64-mingw32/bin/../lib/gcc/nios2-elf/4.9.1\libgcc.a(subdf3.o)
                0x00000000400891b8                __subdf3
 .text          0x0000000040089a88       0x88 c:/altera/15.0/nios2eds/bin/gnu/h-x86_64-mingw32/bin/../lib/gcc/nios2-elf/4.9.1\libgcc.a(fixdfsi.o)
                0x0000000040089a88                __fixdfsi
 .text          0x0000000040089b10       0xd0 c:/altera/15.0/nios2eds/bin/gnu/h-x86_64-mingw32/bin/../lib/gcc/nios2-elf/4.9.1\libgcc.a(floatsidf.o)
                0x0000000040089b10                __floatsidf
 .text          0x0000000040089be0       0x64 c:/altera/15.0/nios2eds/bin/gnu/h-x86_64-mingw32/bin/../lib/gcc/nios2-elf/4.9.1\libgcc.a(_clzsi2.o)
                0x0000000040089be0                __clzsi2
 .text          0x0000000040089c44        0x0 c:/altera/15.0/nios2eds/bin/gnu/h-x86_64-mingw32/bin/../lib/gcc/nios2-elf/4.9.1\libgcc.a(_clz.o)
 .text          0x0000000040089c44       0x68 c:/altera/15.0/nios2eds/bin/gnu/h-x86_64-mingw32/bin/../lib/gcc/nios2-elf/4.9.1/../../../../../H-x86_64-mingw32/nios2-elf/lib\libc.a(lib_a-printf.o)
                0x0000000040089c44                _printf_r
                0x0000000040089c70                printf
 .text          0x0000000040089cac       0x20 c:/altera/15.0/nios2eds/bin/gnu/h-x86_64-mingw32/bin/../lib/gcc/nios2-elf/4.9.1/../../../../../H-x86_64-mingw32/nios2-elf/lib\libc.a(lib_a-putchar.o)
                0x0000000040089cac                _putchar_r
                0x0000000040089cb4                putchar
 .text          0x0000000040089ccc       0xcc c:/altera/15.0/nios2eds/bin/gnu/h-x86_64-mingw32/bin/../lib/gcc/nios2-elf/4.9.1/../../../../../H-x86_64-mingw32/nios2-elf/lib\libc.a(lib_a-puts.o)
                0x0000000040089ccc                _puts_r
                0x0000000040089d84                puts
 .text          0x0000000040089d98       0x98 c:/altera/15.0/nios2eds/bin/gnu/h-x86_64-mingw32/bin/../lib/gcc/nios2-elf/4.9.1/../../../../../H-x86_64-mingw32/nios2-elf/lib\libc.a(lib_a-strlen.o)
                0x0000000040089d98                strlen
 .text          0x0000000040089e30     0x2020 c:/altera/15.0/nios2eds/bin/gnu/h-x86_64-mingw32/bin/../lib/gcc/nios2-elf/4.9.1/../../../../../H-x86_64-mingw32/nios2-elf/lib\libc.a(lib_a-vfprintf.o)
                0x0000000040089e30                ___vfprintf_internal_r
                0x000000004008be2c                __vfprintf_internal
 .text          0x000000004008be50      0x130 c:/altera/15.0/nios2eds/bin/gnu/h-x86_64-mingw32/bin/../lib/gcc/nios2-elf/4.9.1/../../../../../H-x86_64-mingw32/nios2-elf/lib\libc.a(lib_a-wsetup.o)
                0x000000004008be50                __swsetup_r
 .text          0x000000004008bf80     0x1928 c:/altera/15.0/nios2eds/bin/gnu/h-x86_64-mingw32/bin/../lib/gcc/nios2-elf/4.9.1/../../../../../H-x86_64-mingw32/nios2-elf/lib\libc.a(lib_a-dtoa.o)
                0x000000004008c180                _dtoa_r
 .text          0x000000004008d8a8      0x258 c:/altera/15.0/nios2eds/bin/gnu/h-x86_64-mingw32/bin/../lib/gcc/nios2-elf/4.9.1/../../../../../H-x86_64-mingw32/nios2-elf/lib\libc.a(lib_a-fflush.o)
                0x000000004008d8a8                _fflush_r
                0x000000004008dad0                fflush
 .text          0x000000004008db00      0x3a0 c:/altera/15.0/nios2eds/bin/gnu/h-x86_64-mingw32/bin/../lib/gcc/nios2-elf/4.9.1/../../../../../H-x86_64-mingw32/nios2-elf/lib\libc.a(lib_a-findfp.o)
                0x000000004008db10                _cleanup_r
                0x000000004008dcbc                __sfmoreglue
                0x000000004008dd20                __sfp
                0x000000004008de38                _cleanup
                0x000000004008de50                __sinit
                0x000000004008de60                __sfp_lock_acquire
                0x000000004008de64                __sfp_lock_release
                0x000000004008de68                __sinit_lock_acquire
                0x000000004008de6c                __sinit_lock_release
                0x000000004008de70                __fp_lock_all
                0x000000004008de88                __fp_unlock_all
 .text          0x000000004008dea0      0x414 c:/altera/15.0/nios2eds/bin/gnu/h-x86_64-mingw32/bin/../lib/gcc/nios2-elf/4.9.1/../../../../../H-x86_64-mingw32/nios2-elf/lib\libc.a(lib_a-freer.o)
                0x000000004008dea0                _malloc_trim_r
                0x000000004008dfc4                _free_r
 .text          0x000000004008e2b4      0x4a4 c:/altera/15.0/nios2eds/bin/gnu/h-x86_64-mingw32/bin/../lib/gcc/nios2-elf/4.9.1/../../../../../H-x86_64-mingw32/nios2-elf/lib\libc.a(lib_a-fvwrite.o)
                0x000000004008e2b4                __sfvwrite_r
 .text          0x000000004008e758      0x170 c:/altera/15.0/nios2eds/bin/gnu/h-x86_64-mingw32/bin/../lib/gcc/nios2-elf/4.9.1/../../../../../H-x86_64-mingw32/nios2-elf/lib\libc.a(lib_a-fwalk.o)
                0x000000004008e758                _fwalk
                0x000000004008e810                _fwalk_reent
 .text          0x000000004008e8c8        0x0 c:/altera/15.0/nios2eds/bin/gnu/h-x86_64-mingw32/bin/../lib/gcc/nios2-elf/4.9.1/../../../../../H-x86_64-mingw32/nios2-elf/lib\libc.a(lib_a-impure.o)
 .text          0x000000004008e8c8       0xe0 c:/altera/15.0/nios2eds/bin/gnu/h-x86_64-mingw32/bin/../lib/gcc/nios2-elf/4.9.1/../../../../../H-x86_64-mingw32/nios2-elf/lib\libc.a(lib_a-locale.o)
                0x000000004008e8c8                _setlocale_r
                0x000000004008e944                __locale_charset
                0x000000004008e950                __locale_mb_cur_max
                0x000000004008e960                __locale_msgcharset
                0x000000004008e96c                __locale_cjk_lang
                0x000000004008e974                _localeconv_r
                0x000000004008e980                setlocale
                0x000000004008e99c                localeconv
 .text          0x000000004008e9a8      0x1b8 c:/altera/15.0/nios2eds/bin/gnu/h-x86_64-mingw32/bin/../lib/gcc/nios2-elf/4.9.1/../../../../../H-x86_64-mingw32/nios2-elf/lib\libc.a(lib_a-makebuf.o)
                0x000000004008e9a8                __smakebuf_r
 .text          0x000000004008eb60      0x7a8 c:/altera/15.0/nios2eds/bin/gnu/h-x86_64-mingw32/bin/../lib/gcc/nios2-elf/4.9.1/../../../../../H-x86_64-mingw32/nios2-elf/lib\libc.a(lib_a-mallocr.o)
                0x000000004008eb60                _malloc_r
 .text          0x000000004008f308       0xe8 c:/altera/15.0/nios2eds/bin/gnu/h-x86_64-mingw32/bin/../lib/gcc/nios2-elf/4.9.1/../../../../../H-x86_64-mingw32/nios2-elf/lib\libc.a(lib_a-memchr.o)
                0x000000004008f308                memchr
 .text          0x000000004008f3f0      0x138 c:/altera/15.0/nios2eds/bin/gnu/h-x86_64-mingw32/bin/../lib/gcc/nios2-elf/4.9.1/../../../../../H-x86_64-mingw32/nios2-elf/lib\libc.a(lib_a-memcpy.o)
                0x000000004008f3f0                memcpy
 .text          0x000000004008f528      0x15c c:/altera/15.0/nios2eds/bin/gnu/h-x86_64-mingw32/bin/../lib/gcc/nios2-elf/4.9.1/../../../../../H-x86_64-mingw32/nios2-elf/lib\libc.a(lib_a-memmove.o)
                0x000000004008f528                memmove
 .text          0x000000004008f684      0x124 c:/altera/15.0/nios2eds/bin/gnu/h-x86_64-mingw32/bin/../lib/gcc/nios2-elf/4.9.1/../../../../../H-x86_64-mingw32/nios2-elf/lib\libc.a(lib_a-memset.o)
                0x000000004008f684                memset
 .text          0x000000004008f7a8      0xf8c c:/altera/15.0/nios2eds/bin/gnu/h-x86_64-mingw32/bin/../lib/gcc/nios2-elf/4.9.1/../../../../../H-x86_64-mingw32/nios2-elf/lib\libc.a(lib_a-mprec.o)
                0x000000004008f7a8                _Balloc
                0x000000004008f850                _Bfree
                0x000000004008f878                __multadd
                0x000000004008f98c                __s2b
                0x000000004008fa90                __hi0bits
                0x000000004008faf8                __lo0bits
                0x000000004008fba8                __i2b
                0x000000004008fbe4                __multiply
                0x000000004008fde0                __pow5mult
                0x000000004008ff20                __lshift
                0x0000000040090068                __mcmp
                0x00000000400900c8                __mdiff
                0x0000000040090260                __ulp
                0x00000000400902c0                __b2d
                0x00000000400903dc                __d2b
                0x0000000040090518                __ratio
                0x00000000400905bc                _mprec_log10
                0x0000000040090630                __copybits
                0x00000000400906a8                __any_on
 .text          0x0000000040090734      0x168 c:/altera/15.0/nios2eds/bin/gnu/h-x86_64-mingw32/bin/../lib/gcc/nios2-elf/4.9.1/../../../../../H-x86_64-mingw32/nios2-elf/lib\libc.a(lib_a-putc.o)
                0x0000000040090734                _putc_r
                0x00000000400907d4                putc
 .text          0x000000004009089c      0x5a0 c:/altera/15.0/nios2eds/bin/gnu/h-x86_64-mingw32/bin/../lib/gcc/nios2-elf/4.9.1/../../../../../H-x86_64-mingw32/nios2-elf/lib\libc.a(lib_a-reallocr.o)
                0x000000004009089c                _realloc_r
 .text          0x0000000040090e3c       0x74 c:/altera/15.0/nios2eds/bin/gnu/h-x86_64-mingw32/bin/../lib/gcc/nios2-elf/4.9.1/../../../../../H-x86_64-mingw32/nios2-elf/lib\libc.a(lib_a-s_fpclassify.o)
                0x0000000040090e3c                __fpclassifyd
 .text          0x0000000040090eb0       0x54 c:/altera/15.0/nios2eds/bin/gnu/h-x86_64-mingw32/bin/../lib/gcc/nios2-elf/4.9.1/../../../../../H-x86_64-mingw32/nios2-elf/lib\libc.a(lib_a-sbrkr.o)
                0x0000000040090eb0                _sbrk_r
 .text          0x0000000040090f04      0x13c c:/altera/15.0/nios2eds/bin/gnu/h-x86_64-mingw32/bin/../lib/gcc/nios2-elf/4.9.1/../../../../../H-x86_64-mingw32/nios2-elf/lib\libc.a(lib_a-stdio.o)
                0x0000000040090f04                __sread
                0x0000000040090f58                __seofread
                0x0000000040090f60                __swrite
                0x0000000040090fdc                __sseek
                0x0000000040091038                __sclose
 .text          0x0000000040091040       0xa4 c:/altera/15.0/nios2eds/bin/gnu/h-x86_64-mingw32/bin/../lib/gcc/nios2-elf/4.9.1/../../../../../H-x86_64-mingw32/nios2-elf/lib\libc.a(lib_a-strcmp.o)
                0x0000000040091040                strcmp
 .text          0x00000000400910e4     0x1494 c:/altera/15.0/nios2eds/bin/gnu/h-x86_64-mingw32/bin/../lib/gcc/nios2-elf/4.9.1/../../../../../H-x86_64-mingw32/nios2-elf/lib\libc.a(lib_a-vfiprintf.o)
                0x00000000400911e0                __sprint_r
                0x00000000400911f8                ___vfiprintf_internal_r
                0x0000000040092554                __vfiprintf_internal
 .text          0x0000000040092578      0x170 c:/altera/15.0/nios2eds/bin/gnu/h-x86_64-mingw32/bin/../lib/gcc/nios2-elf/4.9.1/../../../../../H-x86_64-mingw32/nios2-elf/lib\libc.a(lib_a-wbuf.o)
                0x0000000040092578                __swbuf_r
                0x00000000400926cc                __swbuf
 .text          0x00000000400926e8       0x5c c:/altera/15.0/nios2eds/bin/gnu/h-x86_64-mingw32/bin/../lib/gcc/nios2-elf/4.9.1/../../../../../H-x86_64-mingw32/nios2-elf/lib\libc.a(lib_a-writer.o)
                0x00000000400926e8                _write_r
 .text          0x0000000040092744       0x54 c:/altera/15.0/nios2eds/bin/gnu/h-x86_64-mingw32/bin/../lib/gcc/nios2-elf/4.9.1/../../../../../H-x86_64-mingw32/nios2-elf/lib\libc.a(closer.o)
                0x0000000040092744                _close_r
 .text          0x0000000040092798       0xc4 c:/altera/15.0/nios2eds/bin/gnu/h-x86_64-mingw32/bin/../lib/gcc/nios2-elf/4.9.1/../../../../../H-x86_64-mingw32/nios2-elf/lib\libc.a(lib_a-callocr.o)
                0x0000000040092798                _calloc_r
 .text          0x000000004009285c      0x114 c:/altera/15.0/nios2eds/bin/gnu/h-x86_64-mingw32/bin/../lib/gcc/nios2-elf/4.9.1/../../../../../H-x86_64-mingw32/nios2-elf/lib\libc.a(lib_a-fclose.o)
                0x000000004009285c                _fclose_r
                0x000000004009295c                fclose
 .text          0x0000000040092970      0x1dc c:/altera/15.0/nios2eds/bin/gnu/h-x86_64-mingw32/bin/../lib/gcc/nios2-elf/4.9.1/../../../../../H-x86_64-mingw32/nios2-elf/lib\libc.a(lib_a-fputwc.o)
                0x0000000040092970                _fputwc_r
                0x0000000040092af4                fputwc
 .text          0x0000000040092b4c       0x58 c:/altera/15.0/nios2eds/bin/gnu/h-x86_64-mingw32/bin/../lib/gcc/nios2-elf/4.9.1/../../../../../H-x86_64-mingw32/nios2-elf/lib\libc.a(lib_a-fstatr.o)
                0x0000000040092b4c                _fstat_r
 .text          0x0000000040092ba4        0x0 c:/altera/15.0/nios2eds/bin/gnu/h-x86_64-mingw32/bin/../lib/gcc/nios2-elf/4.9.1/../../../../../H-x86_64-mingw32/nios2-elf/lib\libc.a(lib_a-int_errno.o)
 .text          0x0000000040092ba4       0x54 c:/altera/15.0/nios2eds/bin/gnu/h-x86_64-mingw32/bin/../lib/gcc/nios2-elf/4.9.1/../../../../../H-x86_64-mingw32/nios2-elf/lib\libc.a(lib_a-isattyr.o)
                0x0000000040092ba4                _isatty_r
 .text          0x0000000040092bf8       0x5c c:/altera/15.0/nios2eds/bin/gnu/h-x86_64-mingw32/bin/../lib/gcc/nios2-elf/4.9.1/../../../../../H-x86_64-mingw32/nios2-elf/lib\libc.a(lib_a-lseekr.o)
                0x0000000040092bf8                _lseek_r
 .text          0x0000000040092c54       0x5c c:/altera/15.0/nios2eds/bin/gnu/h-x86_64-mingw32/bin/../lib/gcc/nios2-elf/4.9.1/../../../../../H-x86_64-mingw32/nios2-elf/lib\libc.a(lib_a-readr.o)
                0x0000000040092c54                _read_r
 .text          0x0000000040092cb0      0x174 c:/altera/15.0/nios2eds/bin/gnu/h-x86_64-mingw32/bin/../lib/gcc/nios2-elf/4.9.1/../../../../../H-x86_64-mingw32/nios2-elf/lib\libc.a(lib_a-wcrtomb.o)
                0x0000000040092cb0                _wcrtomb_r
                0x0000000040092d4c                wcrtomb
 .text          0x0000000040092e24       0x8c c:/altera/15.0/nios2eds/bin/gnu/h-x86_64-mingw32/bin/../lib/gcc/nios2-elf/4.9.1/../../../../../H-x86_64-mingw32/nios2-elf/lib\libc.a(lib_a-wctomb_r.o)
                0x0000000040092e24                __ascii_wctomb
                0x0000000040092e54                _wctomb_r
 .text          0x0000000040092eb0      0x5c0 c:/altera/15.0/nios2eds/bin/gnu/h-x86_64-mingw32/bin/../lib/gcc/nios2-elf/4.9.1\libgcc.a(_udivdi3.o)
                0x0000000040092eb0                __udivdi3
 .text          0x0000000040093470      0x590 c:/altera/15.0/nios2eds/bin/gnu/h-x86_64-mingw32/bin/../lib/gcc/nios2-elf/4.9.1\libgcc.a(_umoddi3.o)
                0x0000000040093470                __umoddi3
 .text          0x0000000040093a00      0x12c c:/altera/15.0/nios2eds/bin/gnu/h-x86_64-mingw32/bin/../lib/gcc/nios2-elf/4.9.1\libgcc.a(lib2-divmod.o)
                0x0000000040093a6c                __divsi3
                0x0000000040093ac0                __modsi3
                0x0000000040093b1c                __udivsi3
                0x0000000040093b24                __umodsi3
 .text          0x0000000040093b2c      0x89c c:/altera/15.0/nios2eds/bin/gnu/h-x86_64-mingw32/bin/../lib/gcc/nios2-elf/4.9.1\libgcc.a(adddf3.o)
                0x0000000040093b2c                __adddf3
 .text          0x00000000400943c8      0x8cc c:/altera/15.0/nios2eds/bin/gnu/h-x86_64-mingw32/bin/../lib/gcc/nios2-elf/4.9.1\libgcc.a(divdf3.o)
                0x00000000400943c8                __divdf3
 .text          0x0000000040094c94       0x84 c:/altera/15.0/nios2eds/bin/gnu/h-x86_64-mingw32/bin/../lib/gcc/nios2-elf/4.9.1\libgcc.a(eqdf2.o)
                0x0000000040094c94                __nedf2
                0x0000000040094c94                __eqdf2
 .text          0x0000000040094d18       0xe0 c:/altera/15.0/nios2eds/bin/gnu/h-x86_64-mingw32/bin/../lib/gcc/nios2-elf/4.9.1\libgcc.a(ledf2.o)
                0x0000000040094d18                __ledf2
                0x0000000040094d18                __ltdf2
 .text          0x0000000040094df8      0x724 c:/altera/15.0/nios2eds/bin/gnu/h-x86_64-mingw32/bin/../lib/gcc/nios2-elf/4.9.1\libgcc.a(muldf3.o)
                0x0000000040094df8                __muldf3
 .text          0x000000004009551c       0xa4 c:/altera/15.0/nios2eds/bin/gnu/h-x86_64-mingw32/bin/../lib/gcc/nios2-elf/4.9.1\libgcc.a(floatunsidf.o)
                0x000000004009551c                __floatunsidf
 .text          0x00000000400955c0      0x140 ../sd_card_test_bsp/\libhal_bsp.a(alt_alarm_start.o)
                0x00000000400955c0                alt_alarm_start
 .text          0x0000000040095700      0x120 ../sd_card_test_bsp/\libhal_bsp.a(alt_close.o)
                0x0000000040095750                close
 .text          0x0000000040095820       0x2c ../sd_card_test_bsp/\libhal_bsp.a(alt_dev.o)
 .text          0x000000004009584c        0x0 ../sd_card_test_bsp/\libhal_bsp.a(alt_errno.o)
 .text          0x000000004009584c      0x100 ../sd_card_test_bsp/\libhal_bsp.a(alt_fstat.o)
                0x000000004009589c                fstat
 .text          0x000000004009594c      0x1b0 ../sd_card_test_bsp/\libhal_bsp.a(alt_irq_register.o)
                0x000000004009594c                alt_irq_register
 .text          0x0000000040095afc        0x0 ../sd_card_test_bsp/\libhal_bsp.a(alt_irq_vars.o)
 .text          0x0000000040095afc       0xf4 ../sd_card_test_bsp/\libhal_bsp.a(alt_isatty.o)
                0x0000000040095b4c                isatty
 .text          0x0000000040095bf0       0xe4 ../sd_card_test_bsp/\libhal_bsp.a(alt_load.o)
                0x0000000040095c54                alt_load
 .text          0x0000000040095cd4      0x124 ../sd_card_test_bsp/\libhal_bsp.a(alt_lseek.o)
                0x0000000040095d24                lseek
 .text          0x0000000040095df8       0x78 ../sd_card_test_bsp/\libhal_bsp.a(alt_main.o)
                0x0000000040095df8                alt_main
 .text          0x0000000040095e70       0x40 ../sd_card_test_bsp/\libhal_bsp.a(alt_malloc_lock.o)
                0x0000000040095e70                __malloc_lock
                0x0000000040095e90                __malloc_unlock
 .text          0x0000000040095eb0      0x14c ../sd_card_test_bsp/\libhal_bsp.a(alt_read.o)
                0x0000000040095f00                read
 .text          0x0000000040095ffc       0x60 ../sd_card_test_bsp/\libhal_bsp.a(alt_release_fd.o)
                0x0000000040095ffc                alt_release_fd
 .text          0x000000004009605c       0xb0 ../sd_card_test_bsp/\libhal_bsp.a(alt_sbrk.o)
                0x000000004009605c                sbrk
 .text          0x000000004009610c      0x19c ../sd_card_test_bsp/\libhal_bsp.a(alt_tick.o)
                0x000000004009610c                alt_alarm_stop
                0x00000000400961a4                alt_tick
 .text          0x00000000400962a8       0x30 ../sd_card_test_bsp/\libhal_bsp.a(alt_usleep.o)
                0x00000000400962a8                usleep
 .text          0x00000000400962d8      0x148 ../sd_card_test_bsp/\libhal_bsp.a(alt_write.o)
                0x0000000040096328                write
 .text          0x0000000040096420       0xf8 ../sd_card_test_bsp/\libhal_bsp.a(alt_sys_init.o)
                0x0000000040096458                alt_irq_init
                0x000000004009648c                alt_sys_init
 .text          0x0000000040096518      0xaf8 ../sd_card_test_bsp/\libhal_bsp.a(altera_avalon_epcs_flash_controller.o)
                0x0000000040096550                alt_epcs_flash_init
                0x0000000040096a84                alt_epcs_flash_write
                0x0000000040096ce4                alt_epcs_flash_get_info
                0x0000000040096e04                alt_epcs_flash_erase_block
                0x0000000040096e78                alt_epcs_flash_write_block
                0x0000000040096f78                alt_epcs_flash_read
 .text          0x0000000040097010      0x164 ../sd_card_test_bsp/\libhal_bsp.a(altera_avalon_jtag_uart_fd.o)
                0x0000000040097010                altera_avalon_jtag_uart_read_fd
                0x0000000040097070                altera_avalon_jtag_uart_write_fd
                0x00000000400970d0                altera_avalon_jtag_uart_close_fd
                0x0000000040097120                altera_avalon_jtag_uart_ioctl_fd
 .text          0x0000000040097174      0x3d8 ../sd_card_test_bsp/\libhal_bsp.a(altera_avalon_jtag_uart_init.o)
                0x0000000040097174                altera_avalon_jtag_uart_init
                0x00000000400974e4                altera_avalon_jtag_uart_close
 .text          0x000000004009754c       0xec ../sd_card_test_bsp/\libhal_bsp.a(altera_avalon_jtag_uart_ioctl.o)
                0x000000004009754c                altera_avalon_jtag_uart_ioctl
 .text          0x0000000040097638      0x20c ../sd_card_test_bsp/\libhal_bsp.a(altera_avalon_jtag_uart_read.o)
                0x0000000040097638                altera_avalon_jtag_uart_read
 .text          0x0000000040097844      0x218 ../sd_card_test_bsp/\libhal_bsp.a(altera_avalon_jtag_uart_write.o)
                0x0000000040097844                altera_avalon_jtag_uart_write
 .text          0x0000000040097a5c       0xfc ../sd_card_test_bsp/\libhal_bsp.a(altera_avalon_timer_sc.o)
                0x0000000040097ad0                alt_avalon_timer_sc_init
 .text          0x0000000040097b58      0x110 ../sd_card_test_bsp/\libhal_bsp.a(altera_avalon_uart_fd.o)
                0x0000000040097b58                altera_avalon_uart_read_fd
                0x0000000040097bb8                altera_avalon_uart_write_fd
                0x0000000040097c18                altera_avalon_uart_close_fd
 .text          0x0000000040097c68      0x3b8 ../sd_card_test_bsp/\libhal_bsp.a(altera_avalon_uart_init.o)
                0x0000000040097c68                altera_avalon_uart_init
                0x0000000040097fcc                altera_avalon_uart_close
 .text          0x0000000040098020      0x22c ../sd_card_test_bsp/\libhal_bsp.a(altera_avalon_uart_read.o)
                0x0000000040098070                altera_avalon_uart_read
 .text          0x000000004009824c      0x1fc ../sd_card_test_bsp/\libhal_bsp.a(altera_avalon_uart_write.o)
                0x000000004009829c                altera_avalon_uart_write
 .text          0x0000000040098448      0x62c ../sd_card_test_bsp/\libhal_bsp.a(epcs_commands.o)
                0x0000000040098448                epcs_read_status_register
                0x0000000040098514                epcs_sector_erase
                0x000000004009860c                epcs_read_buffer
                0x0000000040098700                epcs_write_enable
                0x0000000040098750                epcs_write_status_register
                0x00000000400987b8                epcs_write_buffer
                0x00000000400988d4                epcs_read_electronic_signature
                0x000000004009893c                epcs_read_device_id
                0x00000000400989bc                epcs_enter_4_bytes_mode
                0x0000000040098a18                epcs_exit_4_bytes_mode
 .text          0x0000000040098a74      0x128 ../sd_card_test_bsp/\libhal_bsp.a(alt_busy_sleep.o)
                0x0000000040098a74                alt_busy_sleep
 .text          0x0000000040098b9c       0x44 ../sd_card_test_bsp/\libhal_bsp.a(alt_dcache_flush_all.o)
                0x0000000040098b9c                alt_dcache_flush_all
 .text          0x0000000040098be0       0xf4 ../sd_card_test_bsp/\libhal_bsp.a(alt_dev_llist_insert.o)
                0x0000000040098c30                alt_dev_llist_insert
 .text          0x0000000040098cd4       0x5c ../sd_card_test_bsp/\libhal_bsp.a(alt_do_ctors.o)
                0x0000000040098cd4                _do_ctors
 .text          0x0000000040098d30       0x5c ../sd_card_test_bsp/\libhal_bsp.a(alt_do_dtors.o)
                0x0000000040098d30                _do_dtors
 .text          0x0000000040098d8c       0xb8 ../sd_card_test_bsp/\libhal_bsp.a(alt_flash_dev.o)
                0x0000000040098d8c                alt_flash_open_dev
                0x0000000040098df4                alt_flash_close_dev
 .text          0x0000000040098e44       0x30 ../sd_card_test_bsp/\libhal_bsp.a(alt_icache_flush_all.o)
                0x0000000040098e44                alt_icache_flush_all
 .text          0x0000000040098e74      0x1e0 ../sd_card_test_bsp/\libhal_bsp.a(alt_iic.o)
                0x0000000040098e74                alt_ic_isr_register
                0x0000000040098ec4                alt_ic_irq_enable
                0x0000000040098f64                alt_ic_irq_disable
                0x0000000040099008                alt_ic_irq_enabled
 .text          0x0000000040099054       0xf0 ../sd_card_test_bsp/\libhal_bsp.a(alt_iic_isr_register.o)
                0x0000000040099054                alt_iic_isr_register
 .text          0x0000000040099144      0x138 ../sd_card_test_bsp/\libhal_bsp.a(alt_io_redirect.o)
                0x0000000040099204                alt_io_redirect
 .text          0x000000004009927c        0x0 ../sd_card_test_bsp/\libhal_bsp.a(alt_irq_entry.o)
 .text          0x000000004009927c        0x0 ../sd_card_test_bsp/\libhal_bsp.a(alt_irq_handler.o)
 .text          0x000000004009927c      0x274 ../sd_card_test_bsp/\libhal_bsp.a(alt_open.o)
                0x0000000040099398                open
 .text          0x00000000400994f0       0x20 ../sd_card_test_bsp/\libhal_bsp.a(altera_nios2_qsys_irq.o)
                0x00000000400994f0                altera_nios2_qsys_irq_init
 .text          0x0000000040099510      0x204 ../sd_card_test_bsp/\libhal_bsp.a(altera_avalon_spi.o)
                0x0000000040099510                alt_avalon_spi_command
 .text          0x0000000040099714        0x0 ../sd_card_test_bsp/\libhal_bsp.a(alt_exception_entry.o)
 .text          0x0000000040099714       0x90 ../sd_card_test_bsp/\libhal_bsp.a(alt_find_dev.o)
                0x0000000040099714                alt_find_dev
 .text          0x00000000400997a4      0x114 ../sd_card_test_bsp/\libhal_bsp.a(alt_find_file.o)
                0x00000000400997a4                alt_find_file
 .text          0x00000000400998b8       0xb4 ../sd_card_test_bsp/\libhal_bsp.a(alt_get_fd.o)
                0x00000000400998b8                alt_get_fd
 .text          0x000000004009996c       0x8c ../sd_card_test_bsp/\libhal_bsp.a(alt_icache_flush.o)
                0x000000004009996c                alt_icache_flush
 .text          0x00000000400999f8       0x14 c:/altera/15.0/nios2eds/bin/gnu/h-x86_64-mingw32/bin/../lib/gcc/nios2-elf/4.9.1/../../../../../H-x86_64-mingw32/nios2-elf/lib\libc.a(lib_a-atexit.o)
                0x00000000400999f8                atexit
 .text          0x0000000040099a0c       0x38 c:/altera/15.0/nios2eds/bin/gnu/h-x86_64-mingw32/bin/../lib/gcc/nios2-elf/4.9.1/../../../../../H-x86_64-mingw32/nios2-elf/lib\libc.a(lib_a-exit.o)
                0x0000000040099a0c                exit
 .text          0x0000000040099a44       0x7c c:/altera/15.0/nios2eds/bin/gnu/h-x86_64-mingw32/bin/../lib/gcc/nios2-elf/4.9.1/../../../../../H-x86_64-mingw32/nios2-elf/lib\libc.a(lib_a-memcmp.o)
                0x0000000040099a44                memcmp
 .text          0x0000000040099ac0      0x114 c:/altera/15.0/nios2eds/bin/gnu/h-x86_64-mingw32/bin/../lib/gcc/nios2-elf/4.9.1/../../../../../H-x86_64-mingw32/nios2-elf/lib\libc.a(lib_a-__atexit.o)
                0x0000000040099ac0                __register_exitproc
 .text          0x0000000040099bd4      0x194 c:/altera/15.0/nios2eds/bin/gnu/h-x86_64-mingw32/bin/../lib/gcc/nios2-elf/4.9.1/../../../../../H-x86_64-mingw32/nios2-elf/lib\libc.a(lib_a-__call_atexit.o)
                0x0000000040099bd4                __call_exitprocs
 .text          0x0000000040099d68       0x34 ../sd_card_test_bsp/\libhal_bsp.a(alt_exit.o)
                0x0000000040099d68                _exit
 *(.gnu.warning.*)
 *(.fini)
                0x0000000040099d9c                PROVIDE (__etext, ABSOLUTE (.))
                0x0000000040099d9c                PROVIDE (_etext, ABSOLUTE (.))
                0x0000000040099d9c                PROVIDE (etext, ABSOLUTE (.))
 *(.eh_frame_hdr)
                0x0000000040099d9c                . = ALIGN (0x4)
                0x0000000040099d9c                PROVIDE (__preinit_array_start, ABSOLUTE (.))
 *(.preinit_array)
                0x0000000040099d9c                PROVIDE (__preinit_array_end, ABSOLUTE (.))
                0x0000000040099d9c                PROVIDE (__init_array_start, ABSOLUTE (.))
 *(.init_array)
                0x0000000040099d9c                PROVIDE (__init_array_end, ABSOLUTE (.))
                0x0000000040099d9c                PROVIDE (__fini_array_start, ABSOLUTE (.))
 *(.fini_array)
                0x0000000040099d9c                PROVIDE (__fini_array_end, ABSOLUTE (.))
 *(.eh_frame)
 *(.gcc_except_table .gcc_except_table.*)
 *(.dynamic)
                0x0000000040099d9c                PROVIDE (__CTOR_LIST__, ABSOLUTE (.))
 *(.ctors)
 *(SORT(.ctors.*))
                0x0000000040099d9c                PROVIDE (__CTOR_END__, ABSOLUTE (.))
                0x0000000040099d9c                PROVIDE (__DTOR_LIST__, ABSOLUTE (.))
 *(.dtors)
 *(SORT(.dtors.*))
                0x0000000040099d9c                PROVIDE (__DTOR_END__, ABSOLUTE (.))
 *(.jcr)
                0x0000000040099d9c                . = ALIGN (0x4)

.rodata         0x0000000040099d9c      0x5cc
                0x0000000040099d9c                PROVIDE (__ram_rodata_start, ABSOLUTE (.))
                0x0000000040099d9c                . = ALIGN (0x4)
 *(.rodata .rodata.* .gnu.linkonce.r.*)
 .rodata        0x0000000040099d9c       0x68 obj/default/main.o
 .rodata        0x0000000040099e04       0xf0 obj/default/sd_card/ff.o
 .rodata        0x0000000040099ef4       0x10 obj/default/sd_card/monitor.o
 .rodata        0x0000000040099f04      0x150 obj/default/sd_card/sd_card.o
 .rodata        0x000000004009a054      0x100 c:/altera/15.0/nios2eds/bin/gnu/h-x86_64-mingw32/bin/../lib/gcc/nios2-elf/4.9.1\libgcc.a(_clz.o)
                0x000000004009a054                __clz_tab
 .rodata.str1.4
                0x000000004009a154        0x2 c:/altera/15.0/nios2eds/bin/gnu/h-x86_64-mingw32/bin/../lib/gcc/nios2-elf/4.9.1/../../../../../H-x86_64-mingw32/nios2-elf/lib\libc.a(lib_a-puts.o)
                                          0x4 (size before relaxing)
 *fill*         0x000000004009a156        0x2 
 .rodata.str1.4
                0x000000004009a158       0x42 c:/altera/15.0/nios2eds/bin/gnu/h-x86_64-mingw32/bin/../lib/gcc/nios2-elf/4.9.1/../../../../../H-x86_64-mingw32/nios2-elf/lib\libc.a(lib_a-vfprintf.o)
                                         0x44 (size before relaxing)
 .rodata        0x000000004009a19a       0x20 c:/altera/15.0/nios2eds/bin/gnu/h-x86_64-mingw32/bin/../lib/gcc/nios2-elf/4.9.1/../../../../../H-x86_64-mingw32/nios2-elf/lib\libc.a(lib_a-vfprintf.o)
 *fill*         0x000000004009a1ba        0x2 
 .rodata.str1.4
                0x000000004009a1bc       0x10 c:/altera/15.0/nios2eds/bin/gnu/h-x86_64-mingw32/bin/../lib/gcc/nios2-elf/4.9.1/../../../../../H-x86_64-mingw32/nios2-elf/lib\libc.a(lib_a-dtoa.o)
                                         0x14 (size before relaxing)
 .rodata.str1.4
                0x000000004009a1cc        0x2 c:/altera/15.0/nios2eds/bin/gnu/h-x86_64-mingw32/bin/../lib/gcc/nios2-elf/4.9.1/../../../../../H-x86_64-mingw32/nios2-elf/lib\libc.a(lib_a-impure.o)
                                          0x4 (size before relaxing)
 *fill*         0x000000004009a1ce        0x2 
 .rodata.str1.4
                0x000000004009a1d0        0xc c:/altera/15.0/nios2eds/bin/gnu/h-x86_64-mingw32/bin/../lib/gcc/nios2-elf/4.9.1/../../../../../H-x86_64-mingw32/nios2-elf/lib\libc.a(lib_a-locale.o)
                                         0x14 (size before relaxing)
 .rodata        0x000000004009a1dc      0x124 c:/altera/15.0/nios2eds/bin/gnu/h-x86_64-mingw32/bin/../lib/gcc/nios2-elf/4.9.1/../../../../../H-x86_64-mingw32/nios2-elf/lib\libc.a(lib_a-mprec.o)
                0x000000004009a1e8                __mprec_tinytens
                0x000000004009a210                __mprec_bigtens
                0x000000004009a238                __mprec_tens
 .rodata.str1.4
                0x0000000000000000       0x30 c:/altera/15.0/nios2eds/bin/gnu/h-x86_64-mingw32/bin/../lib/gcc/nios2-elf/4.9.1/../../../../../H-x86_64-mingw32/nios2-elf/lib\libc.a(lib_a-vfiprintf.o)
 .rodata        0x000000004009a300       0x20 c:/altera/15.0/nios2eds/bin/gnu/h-x86_64-mingw32/bin/../lib/gcc/nios2-elf/4.9.1/../../../../../H-x86_64-mingw32/nios2-elf/lib\libc.a(lib_a-vfiprintf.o)
 .rodata        0x000000004009a320        0xc ../sd_card_test_bsp/\libhal_bsp.a(alt_dev.o)
 .rodata        0x000000004009a32c       0x10 ../sd_card_test_bsp/\libhal_bsp.a(alt_main.o)
 .rodata        0x000000004009a33c       0x2c ../sd_card_test_bsp/\libhal_bsp.a(alt_sys_init.o)
 *(.rodata1)
                0x000000004009a368                . = ALIGN (0x4)
                0x000000004009a368                PROVIDE (__ram_rodata_end, ABSOLUTE (.))
                0x0000000040099d9c                PROVIDE (__flash_rodata_start, LOADADDR (.rodata))

.rwdata         0x000000004009a368     0x1c88 load address 0x000000004009bff0
                0x000000004009a368                PROVIDE (__ram_rwdata_start, ABSOLUTE (.))
                0x000000004009a368                . = ALIGN (0x4)
 *(.got.plt)
 *(.got)
 *(.data1)
 *(.data .data.* .gnu.linkonce.d.*)
 .data          0x000000004009a368        0x0 ../sd_card_test_bsp//obj/HAL/src/crt0.o
 .data          0x000000004009a368        0x0 obj/default/main.o
 .data          0x000000004009a368        0x0 obj/default/sd_card/fatfs.o
 .data          0x000000004009a368        0x0 obj/default/sd_card/fatfs_diskio.o
 .data          0x000000004009a368        0x0 obj/default/sd_card/fatfs_nios2_de0_nano_spi.o
 .data          0x000000004009a368        0x0 obj/default/sd_card/fatfs_nios2_de1_pio.o
 .data          0x000000004009a368        0x0 obj/default/sd_card/fatfs_nios2_de1_spi.o
 .data          0x000000004009a368        0x0 obj/default/sd_card/ff.o
 .data          0x000000004009a368        0x0 obj/default/sd_card/monitor.o
 .data          0x000000004009a368        0x0 obj/default/sd_card/sd_card.o
 .data          0x000000004009a368        0x0 obj/default/uart/Uart.o
 .data          0x000000004009a368        0x0 c:/altera/15.0/nios2eds/bin/gnu/h-x86_64-mingw32/bin/../lib/gcc/nios2-elf/4.9.1\libgcc.a(_fixunsdfsi.o)
 .data          0x000000004009a368        0x0 c:/altera/15.0/nios2eds/bin/gnu/h-x86_64-mingw32/bin/../lib/gcc/nios2-elf/4.9.1\libgcc.a(gedf2.o)
 .data          0x000000004009a368        0x0 c:/altera/15.0/nios2eds/bin/gnu/h-x86_64-mingw32/bin/../lib/gcc/nios2-elf/4.9.1\libgcc.a(subdf3.o)
 .data          0x000000004009a368        0x0 c:/altera/15.0/nios2eds/bin/gnu/h-x86_64-mingw32/bin/../lib/gcc/nios2-elf/4.9.1\libgcc.a(fixdfsi.o)
 .data          0x000000004009a368        0x0 c:/altera/15.0/nios2eds/bin/gnu/h-x86_64-mingw32/bin/../lib/gcc/nios2-elf/4.9.1\libgcc.a(floatsidf.o)
 .data          0x000000004009a368        0x0 c:/altera/15.0/nios2eds/bin/gnu/h-x86_64-mingw32/bin/../lib/gcc/nios2-elf/4.9.1\libgcc.a(_clzsi2.o)
 .data          0x000000004009a368        0x0 c:/altera/15.0/nios2eds/bin/gnu/h-x86_64-mingw32/bin/../lib/gcc/nios2-elf/4.9.1\libgcc.a(_clz.o)
 .data          0x000000004009a368        0x0 c:/altera/15.0/nios2eds/bin/gnu/h-x86_64-mingw32/bin/../lib/gcc/nios2-elf/4.9.1/../../../../../H-x86_64-mingw32/nios2-elf/lib\libc.a(lib_a-printf.o)
 .data          0x000000004009a368        0x0 c:/altera/15.0/nios2eds/bin/gnu/h-x86_64-mingw32/bin/../lib/gcc/nios2-elf/4.9.1/../../../../../H-x86_64-mingw32/nios2-elf/lib\libc.a(lib_a-putchar.o)
 .data          0x000000004009a368        0x0 c:/altera/15.0/nios2eds/bin/gnu/h-x86_64-mingw32/bin/../lib/gcc/nios2-elf/4.9.1/../../../../../H-x86_64-mingw32/nios2-elf/lib\libc.a(lib_a-puts.o)
 .data          0x000000004009a368        0x0 c:/altera/15.0/nios2eds/bin/gnu/h-x86_64-mingw32/bin/../lib/gcc/nios2-elf/4.9.1/../../../../../H-x86_64-mingw32/nios2-elf/lib\libc.a(lib_a-strlen.o)
 .data          0x000000004009a368        0x0 c:/altera/15.0/nios2eds/bin/gnu/h-x86_64-mingw32/bin/../lib/gcc/nios2-elf/4.9.1/../../../../../H-x86_64-mingw32/nios2-elf/lib\libc.a(lib_a-vfprintf.o)
 .data          0x000000004009a368        0x0 c:/altera/15.0/nios2eds/bin/gnu/h-x86_64-mingw32/bin/../lib/gcc/nios2-elf/4.9.1/../../../../../H-x86_64-mingw32/nios2-elf/lib\libc.a(lib_a-wsetup.o)
 .data          0x000000004009a368        0x0 c:/altera/15.0/nios2eds/bin/gnu/h-x86_64-mingw32/bin/../lib/gcc/nios2-elf/4.9.1/../../../../../H-x86_64-mingw32/nios2-elf/lib\libc.a(lib_a-dtoa.o)
 .data          0x000000004009a368        0x0 c:/altera/15.0/nios2eds/bin/gnu/h-x86_64-mingw32/bin/../lib/gcc/nios2-elf/4.9.1/../../../../../H-x86_64-mingw32/nios2-elf/lib\libc.a(lib_a-fflush.o)
 .data          0x000000004009a368        0x0 c:/altera/15.0/nios2eds/bin/gnu/h-x86_64-mingw32/bin/../lib/gcc/nios2-elf/4.9.1/../../../../../H-x86_64-mingw32/nios2-elf/lib\libc.a(lib_a-findfp.o)
 .data          0x000000004009a368        0x0 c:/altera/15.0/nios2eds/bin/gnu/h-x86_64-mingw32/bin/../lib/gcc/nios2-elf/4.9.1/../../../../../H-x86_64-mingw32/nios2-elf/lib\libc.a(lib_a-freer.o)
 .data          0x000000004009a368        0x0 c:/altera/15.0/nios2eds/bin/gnu/h-x86_64-mingw32/bin/../lib/gcc/nios2-elf/4.9.1/../../../../../H-x86_64-mingw32/nios2-elf/lib\libc.a(lib_a-fvwrite.o)
 .data          0x000000004009a368        0x0 c:/altera/15.0/nios2eds/bin/gnu/h-x86_64-mingw32/bin/../lib/gcc/nios2-elf/4.9.1/../../../../../H-x86_64-mingw32/nios2-elf/lib\libc.a(lib_a-fwalk.o)
 .data          0x000000004009a368      0x424 c:/altera/15.0/nios2eds/bin/gnu/h-x86_64-mingw32/bin/../lib/gcc/nios2-elf/4.9.1/../../../../../H-x86_64-mingw32/nios2-elf/lib\libc.a(lib_a-impure.o)
 .data          0x000000004009a78c       0x78 c:/altera/15.0/nios2eds/bin/gnu/h-x86_64-mingw32/bin/../lib/gcc/nios2-elf/4.9.1/../../../../../H-x86_64-mingw32/nios2-elf/lib\libc.a(lib_a-locale.o)
 .data          0x000000004009a804        0x0 c:/altera/15.0/nios2eds/bin/gnu/h-x86_64-mingw32/bin/../lib/gcc/nios2-elf/4.9.1/../../../../../H-x86_64-mingw32/nios2-elf/lib\libc.a(lib_a-makebuf.o)
 .data          0x000000004009a804      0x408 c:/altera/15.0/nios2eds/bin/gnu/h-x86_64-mingw32/bin/../lib/gcc/nios2-elf/4.9.1/../../../../../H-x86_64-mingw32/nios2-elf/lib\libc.a(lib_a-mallocr.o)
                0x000000004009a804                __malloc_av_
 .data          0x000000004009ac0c        0x0 c:/altera/15.0/nios2eds/bin/gnu/h-x86_64-mingw32/bin/../lib/gcc/nios2-elf/4.9.1/../../../../../H-x86_64-mingw32/nios2-elf/lib\libc.a(lib_a-memchr.o)
 .data          0x000000004009ac0c        0x0 c:/altera/15.0/nios2eds/bin/gnu/h-x86_64-mingw32/bin/../lib/gcc/nios2-elf/4.9.1/../../../../../H-x86_64-mingw32/nios2-elf/lib\libc.a(lib_a-memcpy.o)
 .data          0x000000004009ac0c        0x0 c:/altera/15.0/nios2eds/bin/gnu/h-x86_64-mingw32/bin/../lib/gcc/nios2-elf/4.9.1/../../../../../H-x86_64-mingw32/nios2-elf/lib\libc.a(lib_a-memmove.o)
 .data          0x000000004009ac0c        0x0 c:/altera/15.0/nios2eds/bin/gnu/h-x86_64-mingw32/bin/../lib/gcc/nios2-elf/4.9.1/../../../../../H-x86_64-mingw32/nios2-elf/lib\libc.a(lib_a-memset.o)
 .data          0x000000004009ac0c        0x0 c:/altera/15.0/nios2eds/bin/gnu/h-x86_64-mingw32/bin/../lib/gcc/nios2-elf/4.9.1/../../../../../H-x86_64-mingw32/nios2-elf/lib\libc.a(lib_a-mprec.o)
 .data          0x000000004009ac0c        0x0 c:/altera/15.0/nios2eds/bin/gnu/h-x86_64-mingw32/bin/../lib/gcc/nios2-elf/4.9.1/../../../../../H-x86_64-mingw32/nios2-elf/lib\libc.a(lib_a-putc.o)
 .data          0x000000004009ac0c        0x0 c:/altera/15.0/nios2eds/bin/gnu/h-x86_64-mingw32/bin/../lib/gcc/nios2-elf/4.9.1/../../../../../H-x86_64-mingw32/nios2-elf/lib\libc.a(lib_a-reallocr.o)
 .data          0x000000004009ac0c        0x0 c:/altera/15.0/nios2eds/bin/gnu/h-x86_64-mingw32/bin/../lib/gcc/nios2-elf/4.9.1/../../../../../H-x86_64-mingw32/nios2-elf/lib\libc.a(lib_a-s_fpclassify.o)
 .data          0x000000004009ac0c        0x0 c:/altera/15.0/nios2eds/bin/gnu/h-x86_64-mingw32/bin/../lib/gcc/nios2-elf/4.9.1/../../../../../H-x86_64-mingw32/nios2-elf/lib\libc.a(lib_a-sbrkr.o)
 .data          0x000000004009ac0c        0x0 c:/altera/15.0/nios2eds/bin/gnu/h-x86_64-mingw32/bin/../lib/gcc/nios2-elf/4.9.1/../../../../../H-x86_64-mingw32/nios2-elf/lib\libc.a(lib_a-stdio.o)
 .data          0x000000004009ac0c        0x0 c:/altera/15.0/nios2eds/bin/gnu/h-x86_64-mingw32/bin/../lib/gcc/nios2-elf/4.9.1/../../../../../H-x86_64-mingw32/nios2-elf/lib\libc.a(lib_a-strcmp.o)
 .data          0x000000004009ac0c        0x0 c:/altera/15.0/nios2eds/bin/gnu/h-x86_64-mingw32/bin/../lib/gcc/nios2-elf/4.9.1/../../../../../H-x86_64-mingw32/nios2-elf/lib\libc.a(lib_a-vfiprintf.o)
 .data          0x000000004009ac0c        0x0 c:/altera/15.0/nios2eds/bin/gnu/h-x86_64-mingw32/bin/../lib/gcc/nios2-elf/4.9.1/../../../../../H-x86_64-mingw32/nios2-elf/lib\libc.a(lib_a-wbuf.o)
 .data          0x000000004009ac0c        0x0 c:/altera/15.0/nios2eds/bin/gnu/h-x86_64-mingw32/bin/../lib/gcc/nios2-elf/4.9.1/../../../../../H-x86_64-mingw32/nios2-elf/lib\libc.a(lib_a-writer.o)
 .data          0x000000004009ac0c        0x0 c:/altera/15.0/nios2eds/bin/gnu/h-x86_64-mingw32/bin/../lib/gcc/nios2-elf/4.9.1/../../../../../H-x86_64-mingw32/nios2-elf/lib\libc.a(closer.o)
 .data          0x000000004009ac0c        0x0 c:/altera/15.0/nios2eds/bin/gnu/h-x86_64-mingw32/bin/../lib/gcc/nios2-elf/4.9.1/../../../../../H-x86_64-mingw32/nios2-elf/lib\libc.a(lib_a-callocr.o)
 .data          0x000000004009ac0c        0x0 c:/altera/15.0/nios2eds/bin/gnu/h-x86_64-mingw32/bin/../lib/gcc/nios2-elf/4.9.1/../../../../../H-x86_64-mingw32/nios2-elf/lib\libc.a(lib_a-fclose.o)
 .data          0x000000004009ac0c        0x0 c:/altera/15.0/nios2eds/bin/gnu/h-x86_64-mingw32/bin/../lib/gcc/nios2-elf/4.9.1/../../../../../H-x86_64-mingw32/nios2-elf/lib\libc.a(lib_a-fputwc.o)
 .data          0x000000004009ac0c        0x0 c:/altera/15.0/nios2eds/bin/gnu/h-x86_64-mingw32/bin/../lib/gcc/nios2-elf/4.9.1/../../../../../H-x86_64-mingw32/nios2-elf/lib\libc.a(lib_a-fstatr.o)
 .data          0x000000004009ac0c        0x0 c:/altera/15.0/nios2eds/bin/gnu/h-x86_64-mingw32/bin/../lib/gcc/nios2-elf/4.9.1/../../../../../H-x86_64-mingw32/nios2-elf/lib\libc.a(lib_a-int_errno.o)
 .data          0x000000004009ac0c        0x0 c:/altera/15.0/nios2eds/bin/gnu/h-x86_64-mingw32/bin/../lib/gcc/nios2-elf/4.9.1/../../../../../H-x86_64-mingw32/nios2-elf/lib\libc.a(lib_a-isattyr.o)
 .data          0x000000004009ac0c        0x0 c:/altera/15.0/nios2eds/bin/gnu/h-x86_64-mingw32/bin/../lib/gcc/nios2-elf/4.9.1/../../../../../H-x86_64-mingw32/nios2-elf/lib\libc.a(lib_a-lseekr.o)
 .data          0x000000004009ac0c        0x0 c:/altera/15.0/nios2eds/bin/gnu/h-x86_64-mingw32/bin/../lib/gcc/nios2-elf/4.9.1/../../../../../H-x86_64-mingw32/nios2-elf/lib\libc.a(lib_a-readr.o)
 .data          0x000000004009ac0c        0x0 c:/altera/15.0/nios2eds/bin/gnu/h-x86_64-mingw32/bin/../lib/gcc/nios2-elf/4.9.1/../../../../../H-x86_64-mingw32/nios2-elf/lib\libc.a(lib_a-wcrtomb.o)
 .data          0x000000004009ac0c        0x0 c:/altera/15.0/nios2eds/bin/gnu/h-x86_64-mingw32/bin/../lib/gcc/nios2-elf/4.9.1/../../../../../H-x86_64-mingw32/nios2-elf/lib\libc.a(lib_a-wctomb_r.o)
 .data          0x000000004009ac0c        0x0 c:/altera/15.0/nios2eds/bin/gnu/h-x86_64-mingw32/bin/../lib/gcc/nios2-elf/4.9.1\libgcc.a(_udivdi3.o)
 .data          0x000000004009ac0c        0x0 c:/altera/15.0/nios2eds/bin/gnu/h-x86_64-mingw32/bin/../lib/gcc/nios2-elf/4.9.1\libgcc.a(_umoddi3.o)
 .data          0x000000004009ac0c        0x0 c:/altera/15.0/nios2eds/bin/gnu/h-x86_64-mingw32/bin/../lib/gcc/nios2-elf/4.9.1\libgcc.a(lib2-divmod.o)
 .data          0x000000004009ac0c        0x0 c:/altera/15.0/nios2eds/bin/gnu/h-x86_64-mingw32/bin/../lib/gcc/nios2-elf/4.9.1\libgcc.a(adddf3.o)
 .data          0x000000004009ac0c        0x0 c:/altera/15.0/nios2eds/bin/gnu/h-x86_64-mingw32/bin/../lib/gcc/nios2-elf/4.9.1\libgcc.a(divdf3.o)
 .data          0x000000004009ac0c        0x0 c:/altera/15.0/nios2eds/bin/gnu/h-x86_64-mingw32/bin/../lib/gcc/nios2-elf/4.9.1\libgcc.a(eqdf2.o)
 .data          0x000000004009ac0c        0x0 c:/altera/15.0/nios2eds/bin/gnu/h-x86_64-mingw32/bin/../lib/gcc/nios2-elf/4.9.1\libgcc.a(ledf2.o)
 .data          0x000000004009ac0c        0x0 c:/altera/15.0/nios2eds/bin/gnu/h-x86_64-mingw32/bin/../lib/gcc/nios2-elf/4.9.1\libgcc.a(muldf3.o)
 .data          0x000000004009ac0c        0x0 c:/altera/15.0/nios2eds/bin/gnu/h-x86_64-mingw32/bin/../lib/gcc/nios2-elf/4.9.1\libgcc.a(floatunsidf.o)
 .data          0x000000004009ac0c        0x0 ../sd_card_test_bsp/\libhal_bsp.a(alt_alarm_start.o)
 .data          0x000000004009ac0c        0x0 ../sd_card_test_bsp/\libhal_bsp.a(alt_close.o)
 .data          0x000000004009ac0c      0x1a8 ../sd_card_test_bsp/\libhal_bsp.a(alt_dev.o)
                0x000000004009ac0c                alt_dev_null
                0x000000004009ac34                alt_fd_list
 .data          0x000000004009adb4        0x0 ../sd_card_test_bsp/\libhal_bsp.a(alt_errno.o)
 .data          0x000000004009adb4        0x0 ../sd_card_test_bsp/\libhal_bsp.a(alt_fstat.o)
 .data          0x000000004009adb4        0x0 ../sd_card_test_bsp/\libhal_bsp.a(alt_irq_register.o)
 .data          0x000000004009adb4        0x0 ../sd_card_test_bsp/\libhal_bsp.a(alt_irq_vars.o)
 .data          0x000000004009adb4        0x0 ../sd_card_test_bsp/\libhal_bsp.a(alt_isatty.o)
 .data          0x000000004009adb4        0x0 ../sd_card_test_bsp/\libhal_bsp.a(alt_load.o)
 .data          0x000000004009adb4        0x0 ../sd_card_test_bsp/\libhal_bsp.a(alt_lseek.o)
 .data          0x000000004009adb4        0x0 ../sd_card_test_bsp/\libhal_bsp.a(alt_main.o)
 .data          0x000000004009adb4        0x0 ../sd_card_test_bsp/\libhal_bsp.a(alt_malloc_lock.o)
 .data          0x000000004009adb4        0x0 ../sd_card_test_bsp/\libhal_bsp.a(alt_read.o)
 .data          0x000000004009adb4        0x0 ../sd_card_test_bsp/\libhal_bsp.a(alt_release_fd.o)
 .data          0x000000004009adb4        0x0 ../sd_card_test_bsp/\libhal_bsp.a(alt_sbrk.o)
 .data          0x000000004009adb4        0x0 ../sd_card_test_bsp/\libhal_bsp.a(alt_tick.o)
 .data          0x000000004009adb4        0x0 ../sd_card_test_bsp/\libhal_bsp.a(alt_usleep.o)
 .data          0x000000004009adb4        0x0 ../sd_card_test_bsp/\libhal_bsp.a(alt_write.o)
 .data          0x000000004009adb4     0x11f0 ../sd_card_test_bsp/\libhal_bsp.a(alt_sys_init.o)
 .data          0x000000004009bfa4        0x0 ../sd_card_test_bsp/\libhal_bsp.a(altera_avalon_epcs_flash_controller.o)
 .data          0x000000004009bfa4        0x0 ../sd_card_test_bsp/\libhal_bsp.a(altera_avalon_jtag_uart_fd.o)
 .data          0x000000004009bfa4        0x0 ../sd_card_test_bsp/\libhal_bsp.a(altera_avalon_jtag_uart_init.o)
 .data          0x000000004009bfa4        0x0 ../sd_card_test_bsp/\libhal_bsp.a(altera_avalon_jtag_uart_ioctl.o)
 .data          0x000000004009bfa4        0x0 ../sd_card_test_bsp/\libhal_bsp.a(altera_avalon_jtag_uart_read.o)
 .data          0x000000004009bfa4        0x0 ../sd_card_test_bsp/\libhal_bsp.a(altera_avalon_jtag_uart_write.o)
 .data          0x000000004009bfa4        0x0 ../sd_card_test_bsp/\libhal_bsp.a(altera_avalon_timer_sc.o)
 .data          0x000000004009bfa4        0x0 ../sd_card_test_bsp/\libhal_bsp.a(altera_avalon_uart_fd.o)
 .data          0x000000004009bfa4        0x0 ../sd_card_test_bsp/\libhal_bsp.a(altera_avalon_uart_init.o)
 .data          0x000000004009bfa4        0x0 ../sd_card_test_bsp/\libhal_bsp.a(altera_avalon_uart_read.o)
 .data          0x000000004009bfa4        0x0 ../sd_card_test_bsp/\libhal_bsp.a(altera_avalon_uart_write.o)
 .data          0x000000004009bfa4        0x0 ../sd_card_test_bsp/\libhal_bsp.a(epcs_commands.o)
 .data          0x000000004009bfa4        0x0 ../sd_card_test_bsp/\libhal_bsp.a(alt_busy_sleep.o)
 .data          0x000000004009bfa4        0x0 ../sd_card_test_bsp/\libhal_bsp.a(alt_dcache_flush_all.o)
 .data          0x000000004009bfa4        0x0 ../sd_card_test_bsp/\libhal_bsp.a(alt_dev_llist_insert.o)
 .data          0x000000004009bfa4        0x0 ../sd_card_test_bsp/\libhal_bsp.a(alt_do_ctors.o)
 .data          0x000000004009bfa4        0x0 ../sd_card_test_bsp/\libhal_bsp.a(alt_do_dtors.o)
 .data          0x000000004009bfa4        0x0 ../sd_card_test_bsp/\libhal_bsp.a(alt_flash_dev.o)
 .data          0x000000004009bfa4        0x0 ../sd_card_test_bsp/\libhal_bsp.a(alt_icache_flush_all.o)
 .data          0x000000004009bfa4        0x0 ../sd_card_test_bsp/\libhal_bsp.a(alt_iic.o)
 .data          0x000000004009bfa4        0x0 ../sd_card_test_bsp/\libhal_bsp.a(alt_iic_isr_register.o)
 .data          0x000000004009bfa4        0x0 ../sd_card_test_bsp/\libhal_bsp.a(alt_io_redirect.o)
 .data          0x000000004009bfa4        0x0 ../sd_card_test_bsp/\libhal_bsp.a(alt_irq_entry.o)
 .data          0x000000004009bfa4        0x0 ../sd_card_test_bsp/\libhal_bsp.a(alt_irq_handler.o)
 .data          0x000000004009bfa4        0x0 ../sd_card_test_bsp/\libhal_bsp.a(alt_open.o)
 .data          0x000000004009bfa4        0x0 ../sd_card_test_bsp/\libhal_bsp.a(altera_nios2_qsys_irq.o)
 .data          0x000000004009bfa4        0x0 ../sd_card_test_bsp/\libhal_bsp.a(altera_avalon_spi.o)
 .data          0x000000004009bfa4        0x0 ../sd_card_test_bsp/\libhal_bsp.a(alt_exception_entry.o)
 .data          0x000000004009bfa4        0x0 ../sd_card_test_bsp/\libhal_bsp.a(alt_find_dev.o)
 .data          0x000000004009bfa4        0x0 ../sd_card_test_bsp/\libhal_bsp.a(alt_find_file.o)
 .data          0x000000004009bfa4        0x0 ../sd_card_test_bsp/\libhal_bsp.a(alt_get_fd.o)
 .data          0x000000004009bfa4        0x0 ../sd_card_test_bsp/\libhal_bsp.a(alt_icache_flush.o)
 .data          0x000000004009bfa4        0x0 c:/altera/15.0/nios2eds/bin/gnu/h-x86_64-mingw32/bin/../lib/gcc/nios2-elf/4.9.1/../../../../../H-x86_64-mingw32/nios2-elf/lib\libc.a(lib_a-atexit.o)
 .data          0x000000004009bfa4        0x0 c:/altera/15.0/nios2eds/bin/gnu/h-x86_64-mingw32/bin/../lib/gcc/nios2-elf/4.9.1/../../../../../H-x86_64-mingw32/nios2-elf/lib\libc.a(lib_a-exit.o)
 .data          0x000000004009bfa4        0x0 c:/altera/15.0/nios2eds/bin/gnu/h-x86_64-mingw32/bin/../lib/gcc/nios2-elf/4.9.1/../../../../../H-x86_64-mingw32/nios2-elf/lib\libc.a(lib_a-memcmp.o)
 .data          0x000000004009bfa4        0x0 c:/altera/15.0/nios2eds/bin/gnu/h-x86_64-mingw32/bin/../lib/gcc/nios2-elf/4.9.1/../../../../../H-x86_64-mingw32/nios2-elf/lib\libc.a(lib_a-__atexit.o)
 .data          0x000000004009bfa4        0x0 c:/altera/15.0/nios2eds/bin/gnu/h-x86_64-mingw32/bin/../lib/gcc/nios2-elf/4.9.1/../../../../../H-x86_64-mingw32/nios2-elf/lib\libc.a(lib_a-__call_atexit.o)
 .data          0x000000004009bfa4        0x0 ../sd_card_test_bsp/\libhal_bsp.a(alt_exit.o)
                0x00000000400a3fa4                _gp = ABSOLUTE ((. + 0x8000))
                0x00000000400a3fa4                PROVIDE (gp, _gp)
 *(.rwdata .rwdata.*)
 *(.sdata .sdata.* .gnu.linkonce.s.*)
 .sdata         0x000000004009bfa4        0x1 obj/default/sd_card/fatfs_diskio.o
 *fill*         0x000000004009bfa5        0x3 
 .sdata         0x000000004009bfa8        0x8 c:/altera/15.0/nios2eds/bin/gnu/h-x86_64-mingw32/bin/../lib/gcc/nios2-elf/4.9.1/../../../../../H-x86_64-mingw32/nios2-elf/lib\libc.a(lib_a-impure.o)
                0x000000004009bfa8                _global_impure_ptr
                0x000000004009bfac                _impure_ptr
 .sdata         0x000000004009bfb0        0x4 c:/altera/15.0/nios2eds/bin/gnu/h-x86_64-mingw32/bin/../lib/gcc/nios2-elf/4.9.1/../../../../../H-x86_64-mingw32/nios2-elf/lib\libc.a(lib_a-locale.o)
                0x000000004009bfb0                __mb_cur_max
 .sdata         0x000000004009bfb4        0x8 c:/altera/15.0/nios2eds/bin/gnu/h-x86_64-mingw32/bin/../lib/gcc/nios2-elf/4.9.1/../../../../../H-x86_64-mingw32/nios2-elf/lib\libc.a(lib_a-mallocr.o)
                0x000000004009bfb4                __malloc_sbrk_base
                0x000000004009bfb8                __malloc_trim_threshold
 .sdata         0x000000004009bfbc        0x4 c:/altera/15.0/nios2eds/bin/gnu/h-x86_64-mingw32/bin/../lib/gcc/nios2-elf/4.9.1/../../../../../H-x86_64-mingw32/nios2-elf/lib\libc.a(lib_a-wctomb_r.o)
                0x000000004009bfbc                __wctomb
 .sdata         0x000000004009bfc0       0x14 ../sd_card_test_bsp/\libhal_bsp.a(alt_dev.o)
                0x000000004009bfc0                alt_fs_list
                0x000000004009bfc8                alt_dev_list
                0x000000004009bfd0                alt_max_fd
 .sdata         0x000000004009bfd4        0x4 ../sd_card_test_bsp/\libhal_bsp.a(alt_errno.o)
                0x000000004009bfd4                alt_errno
 .sdata         0x000000004009bfd8        0x4 ../sd_card_test_bsp/\libhal_bsp.a(alt_irq_vars.o)
                0x000000004009bfd8                alt_priority_mask
 .sdata         0x000000004009bfdc        0x4 ../sd_card_test_bsp/\libhal_bsp.a(alt_sbrk.o)
 .sdata         0x000000004009bfe0        0x8 ../sd_card_test_bsp/\libhal_bsp.a(alt_tick.o)
                0x000000004009bfe0                alt_alarm_list
 .sdata         0x000000004009bfe8        0x8 ../sd_card_test_bsp/\libhal_bsp.a(alt_flash_dev.o)
                0x000000004009bfe8                alt_flash_dev_list
 *(.sdata2 .sdata2.* .gnu.linkonce.s2.*)
                0x000000004009bff0                . = ALIGN (0x4)
                0x000000004009bff0                _edata = ABSOLUTE (.)
                0x000000004009bff0                PROVIDE (edata, ABSOLUTE (.))
                0x000000004009bff0                PROVIDE (__ram_rwdata_end, ABSOLUTE (.))
                0x000000004009bff0                PROVIDE (__flash_rwdata_start, LOADADDR (.rwdata))

.bss            0x000000004009dc78     0x405c
                0x000000004009dc78                __bss_start = ABSOLUTE (.)
                0x000000004009dc78                PROVIDE (__sbss_start, ABSOLUTE (.))
                0x000000004009dc78                PROVIDE (___sbss_start, ABSOLUTE (.))
 *(.dynsbss)
 *(.sbss .sbss.* .gnu.linkonce.sb.*)
 .sbss          0x000000004009dc78       0x10 obj/default/sd_card/fatfs_diskio.o
 .sbss          0x000000004009dc88        0x8 obj/default/sd_card/ff.o
 .sbss          0x000000004009dc90        0x8 obj/default/sd_card/sd_card.o
 .sbss          0x000000004009dc98        0x8 obj/default/uart/Uart.o
                0x000000004009dc98                TxHead_1
                0x000000004009dc9a                TxTail_1
                0x000000004009dc9c                RxHead_1
                0x000000004009dc9e                RxTail_1
 .sbss          0x000000004009dca0       0x12 obj/default/uart/Uart.o
                0x000000004009dca0                control
                0x000000004009dca4                divisor
                0x000000004009dca8                data
                0x000000004009dcac                uartControl
                0x000000004009dcb0                status
 *fill*         0x000000004009dcb2        0x2 
 .sbss          0x000000004009dcb4        0xc c:/altera/15.0/nios2eds/bin/gnu/h-x86_64-mingw32/bin/../lib/gcc/nios2-elf/4.9.1/../../../../../H-x86_64-mingw32/nios2-elf/lib\libc.a(lib_a-locale.o)
                0x000000004009dcb4                _PathLocale
                0x000000004009dcb8                __mlocale_changed
                0x000000004009dcbc                __nlocale_changed
 .sbss          0x000000004009dcc0        0xc c:/altera/15.0/nios2eds/bin/gnu/h-x86_64-mingw32/bin/../lib/gcc/nios2-elf/4.9.1/../../../../../H-x86_64-mingw32/nios2-elf/lib\libc.a(lib_a-mallocr.o)
                0x000000004009dcc0                __malloc_max_total_mem
                0x000000004009dcc4                __malloc_max_sbrked_mem
                0x000000004009dcc8                __malloc_top_pad
 .sbss          0x000000004009dccc        0x4 c:/altera/15.0/nios2eds/bin/gnu/h-x86_64-mingw32/bin/../lib/gcc/nios2-elf/4.9.1/../../../../../H-x86_64-mingw32/nios2-elf/lib\libc.a(lib_a-int_errno.o)
                0x000000004009dccc                errno
 .sbss          0x000000004009dcd0        0x4 ../sd_card_test_bsp/\libhal_bsp.a(alt_irq_vars.o)
                0x000000004009dcd0                alt_irq_active
 .sbss          0x000000004009dcd4        0xc ../sd_card_test_bsp/\libhal_bsp.a(alt_main.o)
                0x000000004009dcd4                alt_argc
                0x000000004009dcd8                alt_argv
                0x000000004009dcdc                alt_envp
 .sbss          0x000000004009dce0        0x8 ../sd_card_test_bsp/\libhal_bsp.a(alt_tick.o)
                0x000000004009dce0                _alt_tick_rate
                0x000000004009dce4                _alt_nticks
 *(.sbss2 .sbss2.* .gnu.linkonce.sb2.*)
 *(.scommon)
                0x000000004009dce8                PROVIDE (__sbss_end, ABSOLUTE (.))
                0x000000004009dce8                PROVIDE (___sbss_end, ABSOLUTE (.))
 *(.dynbss)
 *(.bss .bss.* .gnu.linkonce.b.*)
 .bss           0x000000004009dce8        0x0 ../sd_card_test_bsp//obj/HAL/src/crt0.o
 .bss           0x000000004009dce8        0x0 obj/default/main.o
 .bss           0x000000004009dce8        0x0 obj/default/sd_card/fatfs.o
 .bss           0x000000004009dce8        0x0 obj/default/sd_card/fatfs_diskio.o
 .bss           0x000000004009dce8        0x0 obj/default/sd_card/fatfs_nios2_de0_nano_spi.o
 .bss           0x000000004009dce8        0x0 obj/default/sd_card/fatfs_nios2_de1_pio.o
 .bss           0x000000004009dce8        0x0 obj/default/sd_card/fatfs_nios2_de1_spi.o
 .bss           0x000000004009dce8        0x0 obj/default/sd_card/ff.o
 .bss           0x000000004009dce8        0x0 obj/default/sd_card/monitor.o
 .bss           0x000000004009dce8       0x18 obj/default/sd_card/sd_card.o
 .bss           0x000000004009dd00        0x0 obj/default/uart/Uart.o
 .bss           0x000000004009dd00        0x0 c:/altera/15.0/nios2eds/bin/gnu/h-x86_64-mingw32/bin/../lib/gcc/nios2-elf/4.9.1\libgcc.a(_fixunsdfsi.o)
 .bss           0x000000004009dd00        0x0 c:/altera/15.0/nios2eds/bin/gnu/h-x86_64-mingw32/bin/../lib/gcc/nios2-elf/4.9.1\libgcc.a(gedf2.o)
 .bss           0x000000004009dd00        0x0 c:/altera/15.0/nios2eds/bin/gnu/h-x86_64-mingw32/bin/../lib/gcc/nios2-elf/4.9.1\libgcc.a(subdf3.o)
 .bss           0x000000004009dd00        0x0 c:/altera/15.0/nios2eds/bin/gnu/h-x86_64-mingw32/bin/../lib/gcc/nios2-elf/4.9.1\libgcc.a(fixdfsi.o)
 .bss           0x000000004009dd00        0x0 c:/altera/15.0/nios2eds/bin/gnu/h-x86_64-mingw32/bin/../lib/gcc/nios2-elf/4.9.1\libgcc.a(floatsidf.o)
 .bss           0x000000004009dd00        0x0 c:/altera/15.0/nios2eds/bin/gnu/h-x86_64-mingw32/bin/../lib/gcc/nios2-elf/4.9.1\libgcc.a(_clzsi2.o)
 .bss           0x000000004009dd00        0x0 c:/altera/15.0/nios2eds/bin/gnu/h-x86_64-mingw32/bin/../lib/gcc/nios2-elf/4.9.1\libgcc.a(_clz.o)
 .bss           0x000000004009dd00        0x0 c:/altera/15.0/nios2eds/bin/gnu/h-x86_64-mingw32/bin/../lib/gcc/nios2-elf/4.9.1/../../../../../H-x86_64-mingw32/nios2-elf/lib\libc.a(lib_a-printf.o)
 .bss           0x000000004009dd00        0x0 c:/altera/15.0/nios2eds/bin/gnu/h-x86_64-mingw32/bin/../lib/gcc/nios2-elf/4.9.1/../../../../../H-x86_64-mingw32/nios2-elf/lib\libc.a(lib_a-putchar.o)
 .bss           0x000000004009dd00        0x0 c:/altera/15.0/nios2eds/bin/gnu/h-x86_64-mingw32/bin/../lib/gcc/nios2-elf/4.9.1/../../../../../H-x86_64-mingw32/nios2-elf/lib\libc.a(lib_a-puts.o)
 .bss           0x000000004009dd00        0x0 c:/altera/15.0/nios2eds/bin/gnu/h-x86_64-mingw32/bin/../lib/gcc/nios2-elf/4.9.1/../../../../../H-x86_64-mingw32/nios2-elf/lib\libc.a(lib_a-strlen.o)
 .bss           0x000000004009dd00        0x0 c:/altera/15.0/nios2eds/bin/gnu/h-x86_64-mingw32/bin/../lib/gcc/nios2-elf/4.9.1/../../../../../H-x86_64-mingw32/nios2-elf/lib\libc.a(lib_a-vfprintf.o)
 .bss           0x000000004009dd00        0x0 c:/altera/15.0/nios2eds/bin/gnu/h-x86_64-mingw32/bin/../lib/gcc/nios2-elf/4.9.1/../../../../../H-x86_64-mingw32/nios2-elf/lib\libc.a(lib_a-wsetup.o)
 .bss           0x000000004009dd00        0x0 c:/altera/15.0/nios2eds/bin/gnu/h-x86_64-mingw32/bin/../lib/gcc/nios2-elf/4.9.1/../../../../../H-x86_64-mingw32/nios2-elf/lib\libc.a(lib_a-dtoa.o)
 .bss           0x000000004009dd00        0x0 c:/altera/15.0/nios2eds/bin/gnu/h-x86_64-mingw32/bin/../lib/gcc/nios2-elf/4.9.1/../../../../../H-x86_64-mingw32/nios2-elf/lib\libc.a(lib_a-fflush.o)
 .bss           0x000000004009dd00        0x0 c:/altera/15.0/nios2eds/bin/gnu/h-x86_64-mingw32/bin/../lib/gcc/nios2-elf/4.9.1/../../../../../H-x86_64-mingw32/nios2-elf/lib\libc.a(lib_a-findfp.o)
 .bss           0x000000004009dd00        0x0 c:/altera/15.0/nios2eds/bin/gnu/h-x86_64-mingw32/bin/../lib/gcc/nios2-elf/4.9.1/../../../../../H-x86_64-mingw32/nios2-elf/lib\libc.a(lib_a-freer.o)
 .bss           0x000000004009dd00        0x0 c:/altera/15.0/nios2eds/bin/gnu/h-x86_64-mingw32/bin/../lib/gcc/nios2-elf/4.9.1/../../../../../H-x86_64-mingw32/nios2-elf/lib\libc.a(lib_a-fvwrite.o)
 .bss           0x000000004009dd00        0x0 c:/altera/15.0/nios2eds/bin/gnu/h-x86_64-mingw32/bin/../lib/gcc/nios2-elf/4.9.1/../../../../../H-x86_64-mingw32/nios2-elf/lib\libc.a(lib_a-fwalk.o)
 .bss           0x000000004009dd00        0x0 c:/altera/15.0/nios2eds/bin/gnu/h-x86_64-mingw32/bin/../lib/gcc/nios2-elf/4.9.1/../../../../../H-x86_64-mingw32/nios2-elf/lib\libc.a(lib_a-impure.o)
 .bss           0x000000004009dd00        0x0 c:/altera/15.0/nios2eds/bin/gnu/h-x86_64-mingw32/bin/../lib/gcc/nios2-elf/4.9.1/../../../../../H-x86_64-mingw32/nios2-elf/lib\libc.a(lib_a-locale.o)
 .bss           0x000000004009dd00        0x0 c:/altera/15.0/nios2eds/bin/gnu/h-x86_64-mingw32/bin/../lib/gcc/nios2-elf/4.9.1/../../../../../H-x86_64-mingw32/nios2-elf/lib\libc.a(lib_a-makebuf.o)
 .bss           0x000000004009dd00       0x28 c:/altera/15.0/nios2eds/bin/gnu/h-x86_64-mingw32/bin/../lib/gcc/nios2-elf/4.9.1/../../../../../H-x86_64-mingw32/nios2-elf/lib\libc.a(lib_a-mallocr.o)
                0x000000004009dd00                __malloc_current_mallinfo
 .bss           0x000000004009dd28        0x0 c:/altera/15.0/nios2eds/bin/gnu/h-x86_64-mingw32/bin/../lib/gcc/nios2-elf/4.9.1/../../../../../H-x86_64-mingw32/nios2-elf/lib\libc.a(lib_a-memchr.o)
 .bss           0x000000004009dd28        0x0 c:/altera/15.0/nios2eds/bin/gnu/h-x86_64-mingw32/bin/../lib/gcc/nios2-elf/4.9.1/../../../../../H-x86_64-mingw32/nios2-elf/lib\libc.a(lib_a-memcpy.o)
 .bss           0x000000004009dd28        0x0 c:/altera/15.0/nios2eds/bin/gnu/h-x86_64-mingw32/bin/../lib/gcc/nios2-elf/4.9.1/../../../../../H-x86_64-mingw32/nios2-elf/lib\libc.a(lib_a-memmove.o)
 .bss           0x000000004009dd28        0x0 c:/altera/15.0/nios2eds/bin/gnu/h-x86_64-mingw32/bin/../lib/gcc/nios2-elf/4.9.1/../../../../../H-x86_64-mingw32/nios2-elf/lib\libc.a(lib_a-memset.o)
 .bss           0x000000004009dd28        0x0 c:/altera/15.0/nios2eds/bin/gnu/h-x86_64-mingw32/bin/../lib/gcc/nios2-elf/4.9.1/../../../../../H-x86_64-mingw32/nios2-elf/lib\libc.a(lib_a-mprec.o)
 .bss           0x000000004009dd28        0x0 c:/altera/15.0/nios2eds/bin/gnu/h-x86_64-mingw32/bin/../lib/gcc/nios2-elf/4.9.1/../../../../../H-x86_64-mingw32/nios2-elf/lib\libc.a(lib_a-putc.o)
 .bss           0x000000004009dd28        0x0 c:/altera/15.0/nios2eds/bin/gnu/h-x86_64-mingw32/bin/../lib/gcc/nios2-elf/4.9.1/../../../../../H-x86_64-mingw32/nios2-elf/lib\libc.a(lib_a-reallocr.o)
 .bss           0x000000004009dd28        0x0 c:/altera/15.0/nios2eds/bin/gnu/h-x86_64-mingw32/bin/../lib/gcc/nios2-elf/4.9.1/../../../../../H-x86_64-mingw32/nios2-elf/lib\libc.a(lib_a-s_fpclassify.o)
 .bss           0x000000004009dd28        0x0 c:/altera/15.0/nios2eds/bin/gnu/h-x86_64-mingw32/bin/../lib/gcc/nios2-elf/4.9.1/../../../../../H-x86_64-mingw32/nios2-elf/lib\libc.a(lib_a-sbrkr.o)
 .bss           0x000000004009dd28        0x0 c:/altera/15.0/nios2eds/bin/gnu/h-x86_64-mingw32/bin/../lib/gcc/nios2-elf/4.9.1/../../../../../H-x86_64-mingw32/nios2-elf/lib\libc.a(lib_a-stdio.o)
 .bss           0x000000004009dd28        0x0 c:/altera/15.0/nios2eds/bin/gnu/h-x86_64-mingw32/bin/../lib/gcc/nios2-elf/4.9.1/../../../../../H-x86_64-mingw32/nios2-elf/lib\libc.a(lib_a-strcmp.o)
 .bss           0x000000004009dd28        0x0 c:/altera/15.0/nios2eds/bin/gnu/h-x86_64-mingw32/bin/../lib/gcc/nios2-elf/4.9.1/../../../../../H-x86_64-mingw32/nios2-elf/lib\libc.a(lib_a-vfiprintf.o)
 .bss           0x000000004009dd28        0x0 c:/altera/15.0/nios2eds/bin/gnu/h-x86_64-mingw32/bin/../lib/gcc/nios2-elf/4.9.1/../../../../../H-x86_64-mingw32/nios2-elf/lib\libc.a(lib_a-wbuf.o)
 .bss           0x000000004009dd28        0x0 c:/altera/15.0/nios2eds/bin/gnu/h-x86_64-mingw32/bin/../lib/gcc/nios2-elf/4.9.1/../../../../../H-x86_64-mingw32/nios2-elf/lib\libc.a(lib_a-writer.o)
 .bss           0x000000004009dd28        0x0 c:/altera/15.0/nios2eds/bin/gnu/h-x86_64-mingw32/bin/../lib/gcc/nios2-elf/4.9.1/../../../../../H-x86_64-mingw32/nios2-elf/lib\libc.a(closer.o)
 .bss           0x000000004009dd28        0x0 c:/altera/15.0/nios2eds/bin/gnu/h-x86_64-mingw32/bin/../lib/gcc/nios2-elf/4.9.1/../../../../../H-x86_64-mingw32/nios2-elf/lib\libc.a(lib_a-callocr.o)
 .bss           0x000000004009dd28        0x0 c:/altera/15.0/nios2eds/bin/gnu/h-x86_64-mingw32/bin/../lib/gcc/nios2-elf/4.9.1/../../../../../H-x86_64-mingw32/nios2-elf/lib\libc.a(lib_a-fclose.o)
 .bss           0x000000004009dd28        0x0 c:/altera/15.0/nios2eds/bin/gnu/h-x86_64-mingw32/bin/../lib/gcc/nios2-elf/4.9.1/../../../../../H-x86_64-mingw32/nios2-elf/lib\libc.a(lib_a-fputwc.o)
 .bss           0x000000004009dd28        0x0 c:/altera/15.0/nios2eds/bin/gnu/h-x86_64-mingw32/bin/../lib/gcc/nios2-elf/4.9.1/../../../../../H-x86_64-mingw32/nios2-elf/lib\libc.a(lib_a-fstatr.o)
 .bss           0x000000004009dd28        0x0 c:/altera/15.0/nios2eds/bin/gnu/h-x86_64-mingw32/bin/../lib/gcc/nios2-elf/4.9.1/../../../../../H-x86_64-mingw32/nios2-elf/lib\libc.a(lib_a-int_errno.o)
 .bss           0x000000004009dd28        0x0 c:/altera/15.0/nios2eds/bin/gnu/h-x86_64-mingw32/bin/../lib/gcc/nios2-elf/4.9.1/../../../../../H-x86_64-mingw32/nios2-elf/lib\libc.a(lib_a-isattyr.o)
 .bss           0x000000004009dd28        0x0 c:/altera/15.0/nios2eds/bin/gnu/h-x86_64-mingw32/bin/../lib/gcc/nios2-elf/4.9.1/../../../../../H-x86_64-mingw32/nios2-elf/lib\libc.a(lib_a-lseekr.o)
 .bss           0x000000004009dd28        0x0 c:/altera/15.0/nios2eds/bin/gnu/h-x86_64-mingw32/bin/../lib/gcc/nios2-elf/4.9.1/../../../../../H-x86_64-mingw32/nios2-elf/lib\libc.a(lib_a-readr.o)
 .bss           0x000000004009dd28        0x0 c:/altera/15.0/nios2eds/bin/gnu/h-x86_64-mingw32/bin/../lib/gcc/nios2-elf/4.9.1/../../../../../H-x86_64-mingw32/nios2-elf/lib\libc.a(lib_a-wcrtomb.o)
 .bss           0x000000004009dd28        0x0 c:/altera/15.0/nios2eds/bin/gnu/h-x86_64-mingw32/bin/../lib/gcc/nios2-elf/4.9.1/../../../../../H-x86_64-mingw32/nios2-elf/lib\libc.a(lib_a-wctomb_r.o)
 .bss           0x000000004009dd28        0x0 c:/altera/15.0/nios2eds/bin/gnu/h-x86_64-mingw32/bin/../lib/gcc/nios2-elf/4.9.1\libgcc.a(_udivdi3.o)
 .bss           0x000000004009dd28        0x0 c:/altera/15.0/nios2eds/bin/gnu/h-x86_64-mingw32/bin/../lib/gcc/nios2-elf/4.9.1\libgcc.a(_umoddi3.o)
 .bss           0x000000004009dd28        0x0 c:/altera/15.0/nios2eds/bin/gnu/h-x86_64-mingw32/bin/../lib/gcc/nios2-elf/4.9.1\libgcc.a(lib2-divmod.o)
 .bss           0x000000004009dd28        0x0 c:/altera/15.0/nios2eds/bin/gnu/h-x86_64-mingw32/bin/../lib/gcc/nios2-elf/4.9.1\libgcc.a(adddf3.o)
 .bss           0x000000004009dd28        0x0 c:/altera/15.0/nios2eds/bin/gnu/h-x86_64-mingw32/bin/../lib/gcc/nios2-elf/4.9.1\libgcc.a(divdf3.o)
 .bss           0x000000004009dd28        0x0 c:/altera/15.0/nios2eds/bin/gnu/h-x86_64-mingw32/bin/../lib/gcc/nios2-elf/4.9.1\libgcc.a(eqdf2.o)
 .bss           0x000000004009dd28        0x0 c:/altera/15.0/nios2eds/bin/gnu/h-x86_64-mingw32/bin/../lib/gcc/nios2-elf/4.9.1\libgcc.a(ledf2.o)
 .bss           0x000000004009dd28        0x0 c:/altera/15.0/nios2eds/bin/gnu/h-x86_64-mingw32/bin/../lib/gcc/nios2-elf/4.9.1\libgcc.a(muldf3.o)
 .bss           0x000000004009dd28        0x0 c:/altera/15.0/nios2eds/bin/gnu/h-x86_64-mingw32/bin/../lib/gcc/nios2-elf/4.9.1\libgcc.a(floatunsidf.o)
 .bss           0x000000004009dd28        0x0 ../sd_card_test_bsp/\libhal_bsp.a(alt_alarm_start.o)
 .bss           0x000000004009dd28        0x0 ../sd_card_test_bsp/\libhal_bsp.a(alt_close.o)
 .bss           0x000000004009dd28        0x0 ../sd_card_test_bsp/\libhal_bsp.a(alt_dev.o)
 .bss           0x000000004009dd28        0x0 ../sd_card_test_bsp/\libhal_bsp.a(alt_errno.o)
 .bss           0x000000004009dd28        0x0 ../sd_card_test_bsp/\libhal_bsp.a(alt_fstat.o)
 .bss           0x000000004009dd28        0x0 ../sd_card_test_bsp/\libhal_bsp.a(alt_irq_register.o)
 .bss           0x000000004009dd28        0x0 ../sd_card_test_bsp/\libhal_bsp.a(alt_irq_vars.o)
 .bss           0x000000004009dd28        0x0 ../sd_card_test_bsp/\libhal_bsp.a(alt_isatty.o)
 .bss           0x000000004009dd28        0x0 ../sd_card_test_bsp/\libhal_bsp.a(alt_load.o)
 .bss           0x000000004009dd28        0x0 ../sd_card_test_bsp/\libhal_bsp.a(alt_lseek.o)
 .bss           0x000000004009dd28        0x0 ../sd_card_test_bsp/\libhal_bsp.a(alt_main.o)
 .bss           0x000000004009dd28        0x0 ../sd_card_test_bsp/\libhal_bsp.a(alt_malloc_lock.o)
 .bss           0x000000004009dd28        0x0 ../sd_card_test_bsp/\libhal_bsp.a(alt_read.o)
 .bss           0x000000004009dd28        0x0 ../sd_card_test_bsp/\libhal_bsp.a(alt_release_fd.o)
 .bss           0x000000004009dd28        0x0 ../sd_card_test_bsp/\libhal_bsp.a(alt_sbrk.o)
 .bss           0x000000004009dd28        0x0 ../sd_card_test_bsp/\libhal_bsp.a(alt_tick.o)
 .bss           0x000000004009dd28        0x0 ../sd_card_test_bsp/\libhal_bsp.a(alt_usleep.o)
 .bss           0x000000004009dd28        0x0 ../sd_card_test_bsp/\libhal_bsp.a(alt_write.o)
 .bss           0x000000004009dd28        0x0 ../sd_card_test_bsp/\libhal_bsp.a(alt_sys_init.o)
 .bss           0x000000004009dd28        0x0 ../sd_card_test_bsp/\libhal_bsp.a(altera_avalon_epcs_flash_controller.o)
 .bss           0x000000004009dd28        0x0 ../sd_card_test_bsp/\libhal_bsp.a(altera_avalon_jtag_uart_fd.o)
 .bss           0x000000004009dd28        0x0 ../sd_card_test_bsp/\libhal_bsp.a(altera_avalon_jtag_uart_init.o)
 .bss           0x000000004009dd28        0x0 ../sd_card_test_bsp/\libhal_bsp.a(altera_avalon_jtag_uart_ioctl.o)
 .bss           0x000000004009dd28        0x0 ../sd_card_test_bsp/\libhal_bsp.a(altera_avalon_jtag_uart_read.o)
 .bss           0x000000004009dd28        0x0 ../sd_card_test_bsp/\libhal_bsp.a(altera_avalon_jtag_uart_write.o)
 .bss           0x000000004009dd28        0x0 ../sd_card_test_bsp/\libhal_bsp.a(altera_avalon_timer_sc.o)
 .bss           0x000000004009dd28        0x0 ../sd_card_test_bsp/\libhal_bsp.a(altera_avalon_uart_fd.o)
 .bss           0x000000004009dd28        0x0 ../sd_card_test_bsp/\libhal_bsp.a(altera_avalon_uart_init.o)
 .bss           0x000000004009dd28        0x0 ../sd_card_test_bsp/\libhal_bsp.a(altera_avalon_uart_read.o)
 .bss           0x000000004009dd28        0x0 ../sd_card_test_bsp/\libhal_bsp.a(altera_avalon_uart_write.o)
 .bss           0x000000004009dd28        0x0 ../sd_card_test_bsp/\libhal_bsp.a(epcs_commands.o)
 .bss           0x000000004009dd28        0x0 ../sd_card_test_bsp/\libhal_bsp.a(alt_busy_sleep.o)
 .bss           0x000000004009dd28        0x0 ../sd_card_test_bsp/\libhal_bsp.a(alt_dcache_flush_all.o)
 .bss           0x000000004009dd28        0x0 ../sd_card_test_bsp/\libhal_bsp.a(alt_dev_llist_insert.o)
 .bss           0x000000004009dd28        0x0 ../sd_card_test_bsp/\libhal_bsp.a(alt_do_ctors.o)
 .bss           0x000000004009dd28        0x0 ../sd_card_test_bsp/\libhal_bsp.a(alt_do_dtors.o)
 .bss           0x000000004009dd28        0x0 ../sd_card_test_bsp/\libhal_bsp.a(alt_flash_dev.o)
 .bss           0x000000004009dd28        0x0 ../sd_card_test_bsp/\libhal_bsp.a(alt_icache_flush_all.o)
 .bss           0x000000004009dd28        0x0 ../sd_card_test_bsp/\libhal_bsp.a(alt_iic.o)
 .bss           0x000000004009dd28        0x0 ../sd_card_test_bsp/\libhal_bsp.a(alt_iic_isr_register.o)
 .bss           0x000000004009dd28        0x0 ../sd_card_test_bsp/\libhal_bsp.a(alt_io_redirect.o)
 .bss           0x000000004009dd28        0x0 ../sd_card_test_bsp/\libhal_bsp.a(alt_irq_entry.o)
 .bss           0x000000004009dd28        0x0 ../sd_card_test_bsp/\libhal_bsp.a(alt_irq_handler.o)
 .bss           0x000000004009dd28        0x0 ../sd_card_test_bsp/\libhal_bsp.a(alt_open.o)
 .bss           0x000000004009dd28        0x0 ../sd_card_test_bsp/\libhal_bsp.a(altera_nios2_qsys_irq.o)
 .bss           0x000000004009dd28        0x0 ../sd_card_test_bsp/\libhal_bsp.a(altera_avalon_spi.o)
 .bss           0x000000004009dd28        0x0 ../sd_card_test_bsp/\libhal_bsp.a(alt_exception_entry.o)
 .bss           0x000000004009dd28        0x0 ../sd_card_test_bsp/\libhal_bsp.a(alt_find_dev.o)
 .bss           0x000000004009dd28        0x0 ../sd_card_test_bsp/\libhal_bsp.a(alt_find_file.o)
 .bss           0x000000004009dd28        0x0 ../sd_card_test_bsp/\libhal_bsp.a(alt_get_fd.o)
 .bss           0x000000004009dd28        0x0 ../sd_card_test_bsp/\libhal_bsp.a(alt_icache_flush.o)
 .bss           0x000000004009dd28        0x0 c:/altera/15.0/nios2eds/bin/gnu/h-x86_64-mingw32/bin/../lib/gcc/nios2-elf/4.9.1/../../../../../H-x86_64-mingw32/nios2-elf/lib\libc.a(lib_a-atexit.o)
 .bss           0x000000004009dd28        0x0 c:/altera/15.0/nios2eds/bin/gnu/h-x86_64-mingw32/bin/../lib/gcc/nios2-elf/4.9.1/../../../../../H-x86_64-mingw32/nios2-elf/lib\libc.a(lib_a-exit.o)
 .bss           0x000000004009dd28        0x0 c:/altera/15.0/nios2eds/bin/gnu/h-x86_64-mingw32/bin/../lib/gcc/nios2-elf/4.9.1/../../../../../H-x86_64-mingw32/nios2-elf/lib\libc.a(lib_a-memcmp.o)
 .bss           0x000000004009dd28        0x0 c:/altera/15.0/nios2eds/bin/gnu/h-x86_64-mingw32/bin/../lib/gcc/nios2-elf/4.9.1/../../../../../H-x86_64-mingw32/nios2-elf/lib\libc.a(lib_a-__atexit.o)
 .bss           0x000000004009dd28        0x0 c:/altera/15.0/nios2eds/bin/gnu/h-x86_64-mingw32/bin/../lib/gcc/nios2-elf/4.9.1/../../../../../H-x86_64-mingw32/nios2-elf/lib\libc.a(lib_a-__call_atexit.o)
 .bss           0x000000004009dd28        0x0 ../sd_card_test_bsp/\libhal_bsp.a(alt_exit.o)
 *(COMMON)
 COMMON         0x000000004009dd28     0x26ac obj/default/sd_card/sd_card.o
                0x000000004009dd28                Fatfs
                0x000000004009df58                File1
                0x000000004009e17c                Finfo
                0x000000004009e194                Buff
                0x00000000400a0194                File2
                0x00000000400a03b8                Dir
 COMMON         0x00000000400a03d4     0x1800 obj/default/uart/Uart.o
                0x00000000400a03d4                rx_buffer_1
                0x00000000400a17d4                tx_buffer_1
 COMMON         0x00000000400a1bd4      0x100 ../sd_card_test_bsp/\libhal_bsp.a(alt_irq_handler.o)
                0x00000000400a1bd4                alt_irq
                0x00000000400a1cd4                . = ALIGN (0x4)
                0x00000000400a1cd4                __bss_end = ABSOLUTE (.)

.sram           0x00000000400a1cd4        0x0
                0x00000000400a1cd4                PROVIDE (_alt_partition_sram_start, ABSOLUTE (.))
 *(.sram .sram. sram.*)
                0x00000000400a1cd4                . = ALIGN (0x4)
                0x00000000400a1cd4                PROVIDE (_alt_partition_sram_end, ABSOLUTE (.))
                0x00000000400a1cd4                _end = ABSOLUTE (.)
                0x00000000400a1cd4                end = ABSOLUTE (.)
                0x00000000400a1cd4                __alt_stack_base = ABSOLUTE (.)
                0x00000000400a1cd4                PROVIDE (_alt_partition_sram_load_addr, LOADADDR (.sram))

.onchip_memory2
                0x0000000040120000        0x0 load address 0x00000000400a1cd4
                0x0000000040120000                PROVIDE (_alt_partition_onchip_memory2_start, ABSOLUTE (.))
 *(.onchip_memory2 .onchip_memory2. onchip_memory2.*)
                0x0000000040120000                . = ALIGN (0x4)
                0x0000000040120000                PROVIDE (_alt_partition_onchip_memory2_end, ABSOLUTE (.))
                0x00000000400a1cd4                PROVIDE (_alt_partition_onchip_memory2_load_addr, LOADADDR (.onchip_memory2))

.epcs           0x0000000040141020        0x0 load address 0x00000000400a1cd4
                0x0000000040141020                PROVIDE (_alt_partition_epcs_start, ABSOLUTE (.))
 *(.epcs .epcs. epcs.*)
                0x0000000040141020                . = ALIGN (0x4)
                0x0000000040141020                PROVIDE (_alt_partition_epcs_end, ABSOLUTE (.))
                0x00000000400a1cd4                PROVIDE (_alt_partition_epcs_load_addr, LOADADDR (.epcs))

.stab
 *(.stab)

.stabstr
 *(.stabstr)

.stab.excl
 *(.stab.excl)

.stab.exclstr
 *(.stab.exclstr)

.stab.index
 *(.stab.index)

.stab.indexstr
 *(.stab.indexstr)

.comment        0x0000000000000000       0x23
 *(.comment)
 .comment       0x0000000000000000       0x23 obj/default/main.o
                                         0x24 (size before relaxing)
 .comment       0x0000000000000000       0x24 obj/default/sd_card/fatfs.o
 .comment       0x0000000000000000       0x24 obj/default/sd_card/fatfs_diskio.o
 .comment       0x0000000000000000       0x24 obj/default/sd_card/fatfs_nios2_de0_nano_spi.o
 .comment       0x0000000000000000       0x24 obj/default/sd_card/fatfs_nios2_de1_pio.o
 .comment       0x0000000000000000       0x24 obj/default/sd_card/fatfs_nios2_de1_spi.o
 .comment       0x0000000000000000       0x24 obj/default/sd_card/ff.o
 .comment       0x0000000000000000       0x24 obj/default/sd_card/monitor.o
 .comment       0x0000000000000000       0x24 obj/default/sd_card/sd_card.o
 .comment       0x0000000000000000       0x24 obj/default/uart/Uart.o
 .comment       0x0000000000000000       0x24 c:/altera/15.0/nios2eds/bin/gnu/h-x86_64-mingw32/bin/../lib/gcc/nios2-elf/4.9.1\libgcc.a(_fixunsdfsi.o)
 .comment       0x0000000000000000       0x24 c:/altera/15.0/nios2eds/bin/gnu/h-x86_64-mingw32/bin/../lib/gcc/nios2-elf/4.9.1\libgcc.a(gedf2.o)
 .comment       0x0000000000000000       0x24 c:/altera/15.0/nios2eds/bin/gnu/h-x86_64-mingw32/bin/../lib/gcc/nios2-elf/4.9.1\libgcc.a(subdf3.o)
 .comment       0x0000000000000000       0x24 c:/altera/15.0/nios2eds/bin/gnu/h-x86_64-mingw32/bin/../lib/gcc/nios2-elf/4.9.1\libgcc.a(fixdfsi.o)
 .comment       0x0000000000000000       0x24 c:/altera/15.0/nios2eds/bin/gnu/h-x86_64-mingw32/bin/../lib/gcc/nios2-elf/4.9.1\libgcc.a(floatsidf.o)
 .comment       0x0000000000000000       0x24 c:/altera/15.0/nios2eds/bin/gnu/h-x86_64-mingw32/bin/../lib/gcc/nios2-elf/4.9.1\libgcc.a(_clzsi2.o)
 .comment       0x0000000000000000       0x24 c:/altera/15.0/nios2eds/bin/gnu/h-x86_64-mingw32/bin/../lib/gcc/nios2-elf/4.9.1\libgcc.a(_clz.o)
 .comment       0x0000000000000000       0x24 c:/altera/15.0/nios2eds/bin/gnu/h-x86_64-mingw32/bin/../lib/gcc/nios2-elf/4.9.1/../../../../../H-x86_64-mingw32/nios2-elf/lib\libc.a(lib_a-printf.o)
 .comment       0x0000000000000000       0x24 c:/altera/15.0/nios2eds/bin/gnu/h-x86_64-mingw32/bin/../lib/gcc/nios2-elf/4.9.1/../../../../../H-x86_64-mingw32/nios2-elf/lib\libc.a(lib_a-putchar.o)
 .comment       0x0000000000000000       0x24 c:/altera/15.0/nios2eds/bin/gnu/h-x86_64-mingw32/bin/../lib/gcc/nios2-elf/4.9.1/../../../../../H-x86_64-mingw32/nios2-elf/lib\libc.a(lib_a-puts.o)
 .comment       0x0000000000000000       0x24 c:/altera/15.0/nios2eds/bin/gnu/h-x86_64-mingw32/bin/../lib/gcc/nios2-elf/4.9.1/../../../../../H-x86_64-mingw32/nios2-elf/lib\libc.a(lib_a-strlen.o)
 .comment       0x0000000000000000       0x24 c:/altera/15.0/nios2eds/bin/gnu/h-x86_64-mingw32/bin/../lib/gcc/nios2-elf/4.9.1/../../../../../H-x86_64-mingw32/nios2-elf/lib\libc.a(lib_a-vfprintf.o)
 .comment       0x0000000000000000       0x24 c:/altera/15.0/nios2eds/bin/gnu/h-x86_64-mingw32/bin/../lib/gcc/nios2-elf/4.9.1/../../../../../H-x86_64-mingw32/nios2-elf/lib\libc.a(lib_a-wsetup.o)
 .comment       0x0000000000000000       0x24 c:/altera/15.0/nios2eds/bin/gnu/h-x86_64-mingw32/bin/../lib/gcc/nios2-elf/4.9.1/../../../../../H-x86_64-mingw32/nios2-elf/lib\libc.a(lib_a-dtoa.o)
 .comment       0x0000000000000000       0x24 c:/altera/15.0/nios2eds/bin/gnu/h-x86_64-mingw32/bin/../lib/gcc/nios2-elf/4.9.1/../../../../../H-x86_64-mingw32/nios2-elf/lib\libc.a(lib_a-fflush.o)
 .comment       0x0000000000000000       0x24 c:/altera/15.0/nios2eds/bin/gnu/h-x86_64-mingw32/bin/../lib/gcc/nios2-elf/4.9.1/../../../../../H-x86_64-mingw32/nios2-elf/lib\libc.a(lib_a-findfp.o)
 .comment       0x0000000000000000       0x24 c:/altera/15.0/nios2eds/bin/gnu/h-x86_64-mingw32/bin/../lib/gcc/nios2-elf/4.9.1/../../../../../H-x86_64-mingw32/nios2-elf/lib\libc.a(lib_a-freer.o)
 .comment       0x0000000000000000       0x24 c:/altera/15.0/nios2eds/bin/gnu/h-x86_64-mingw32/bin/../lib/gcc/nios2-elf/4.9.1/../../../../../H-x86_64-mingw32/nios2-elf/lib\libc.a(lib_a-fvwrite.o)
 .comment       0x0000000000000000       0x24 c:/altera/15.0/nios2eds/bin/gnu/h-x86_64-mingw32/bin/../lib/gcc/nios2-elf/4.9.1/../../../../../H-x86_64-mingw32/nios2-elf/lib\libc.a(lib_a-fwalk.o)
 .comment       0x0000000000000000       0x24 c:/altera/15.0/nios2eds/bin/gnu/h-x86_64-mingw32/bin/../lib/gcc/nios2-elf/4.9.1/../../../../../H-x86_64-mingw32/nios2-elf/lib\libc.a(lib_a-impure.o)
 .comment       0x0000000000000000       0x24 c:/altera/15.0/nios2eds/bin/gnu/h-x86_64-mingw32/bin/../lib/gcc/nios2-elf/4.9.1/../../../../../H-x86_64-mingw32/nios2-elf/lib\libc.a(lib_a-locale.o)
 .comment       0x0000000000000000       0x24 c:/altera/15.0/nios2eds/bin/gnu/h-x86_64-mingw32/bin/../lib/gcc/nios2-elf/4.9.1/../../../../../H-x86_64-mingw32/nios2-elf/lib\libc.a(lib_a-makebuf.o)
 .comment       0x0000000000000000       0x24 c:/altera/15.0/nios2eds/bin/gnu/h-x86_64-mingw32/bin/../lib/gcc/nios2-elf/4.9.1/../../../../../H-x86_64-mingw32/nios2-elf/lib\libc.a(lib_a-mallocr.o)
 .comment       0x0000000000000000       0x24 c:/altera/15.0/nios2eds/bin/gnu/h-x86_64-mingw32/bin/../lib/gcc/nios2-elf/4.9.1/../../../../../H-x86_64-mingw32/nios2-elf/lib\libc.a(lib_a-memchr.o)
 .comment       0x0000000000000000       0x24 c:/altera/15.0/nios2eds/bin/gnu/h-x86_64-mingw32/bin/../lib/gcc/nios2-elf/4.9.1/../../../../../H-x86_64-mingw32/nios2-elf/lib\libc.a(lib_a-memcpy.o)
 .comment       0x0000000000000000       0x24 c:/altera/15.0/nios2eds/bin/gnu/h-x86_64-mingw32/bin/../lib/gcc/nios2-elf/4.9.1/../../../../../H-x86_64-mingw32/nios2-elf/lib\libc.a(lib_a-memmove.o)
 .comment       0x0000000000000000       0x24 c:/altera/15.0/nios2eds/bin/gnu/h-x86_64-mingw32/bin/../lib/gcc/nios2-elf/4.9.1/../../../../../H-x86_64-mingw32/nios2-elf/lib\libc.a(lib_a-memset.o)